[2026-06-14 00:00 PT] DIAGNOSE | start: parser ~82% extraction in noisy mid-century OCR; target recover missing ~18% of acts via text-recoverable completion + chapter-renumber pass | OK
[2026-06-14 00:00 PT] DIAGNOSE | read ingest_from_ocr.py (HEADER_RE, header_starts_act, flush_act, parse_volume), config.py, chapter_completeness.py, extract_chapters.py | OK
[2026-06-14 00:00 PT] DIAGNOSE | confirmed 1957 vol1-57chapters + vol2-57chapters present on 5080 with ocr_consensus + parsed_acts_fixed.json | OK
[2026-06-14 00:10 PT] DIAGNOSE | wrote analysis/diagnose_misses.py, diagnose_flush.py, inspect_missing.py, why_header_fails.py, inspect_nochap.py, inspect_pagetop.py (all read-only) | OK
[2026-06-14 00:15 PT] DIAGNOSE | 1957 gates: header_starts_act fires 1047(v1)+948(v2)=1995 -> matches the prior ~1990 figure; confident 928+752=1680. flush_act drops almost nothing (no_enact_marker only 5). PRIMARY bottleneck = header detection (G1), NOT flush. | OK
[2026-06-14 00:18 PT] DIAGNOSE | 1957: 313 'An act' lines at TOP of page with no CHAPTER header in prior 3 lines -- these are REAL missed act-starts (CHAPTER header dropped/garbled on page header or prior page). 34 midpage no-enact = body title references (must NOT recover -> precision risk). 24 acts have OCR-inflated chap_int>3000. | OK
[2026-06-14 00:20 PT] DIAGNOSE | Failure mode generalizes: 1893 (G1=217, 402 An-act-no-header), 1931 (G1=896, conf 634, 759 An-act-no-header). Header-loss is universal across eras. | OK
[2026-06-14 00:20 PT] DIAGNOSE | FAILURE-MODE BREAKDOWN (1957, ~744 act-gap vs 2424): (a) header-not-matched/page-top header loss = dominant (~313 page-top + 37 header-4-8-above); (b) merged into neighbor = minor; (c) misread chapter number = ~24 inflated + roman/arabic confusions; (d) split/garbled CHAPTER word (CILAPTER, CHAPTER junk-numeral) = ~50. | OK
[2026-06-14 00:35 PT] IMPLEMENT | wrote pipeline/ingest/recover_acts.py: tolerant page-top/fuzzy-header act-start detector (body-ref-safe) + session-wide chapter-renumber-by-sequence (LIS anchors, deterministic inter-anchor fill, self-numbered rescue). Writes parsed_acts_recovered.json per volume. Never touches DB or parsed_acts_fixed.json. | OK
[2026-06-14 00:40 PT] IMPLEMENT | wrote analysis/validate_recovery.py, diagnose_renumber.py, precision_check.py, header_witness.py, vol_ranges.py (all read-only). | OK
[2026-06-14 00:45 PT] VALIDATE | 1957 session (true 2424): confident distinct 1542 -> 2174 (+632), missing 882 -> 250, recovered 71.7% of gap, 0 dup chapters, 1 chapter held in flagged (not lost). total boundaries detected 2331/2424 = 96.2%; remaining gap is detection-limited. | OK
[2026-06-14 00:50 PT] VALIDATE | PRECISION: filled acts with a readable leading CHAPTER-NN header: agree=314 disagree=35; the 35 disagreements are OVERWHELMINGLY the renumber CORRECTING an OCR-inflated/misread printed number (2387->237, 5838->583, 1825->1325). Renumber fixes OCR errors, does not introduce them. 0 duplicate assigned numbers across 2174 confident. | OK
[2026-06-14 01:00 PT] VALIDATE | Generalization across eras: 1931-vol1 (true~1442): conf distinct 622->992 (+370, 45.2% gap), max garble 1757->1220, 0 dup, witness agree=192 disagree=19 (disagreements = renumber fixing OCR). 1893: 199->226 (+27), max 1120(garble)->242. 1863 (1860s): 154->160 (+6), max 1120->536, recovered=0 new starts (early-era inline-header layout has little page-top header loss). Recovery is era-appropriate; never harms early volumes. | OK
[2026-06-14 01:05 PT] VALIDATE | FALSE-SPLIT/DUP guard (dup_text_check.py): 1957 = 3 adjacent similar titles of 2174 (distinct nums/pages = real similar acts, not splits); 1931 = 16, all 'appropriation for major construction' run (real distinct acts). 0 thin (<120-char) confident acts in either. No evidence of fabricated/duplicate acts. | OK
[2026-06-14 01:05 PT] VALIDATE | NOTE: recovered confident max for 1931-vol1 = 1220 < true 1442 -> 1931-vol1-chapters likely only PART of the session (no vol2 dir on 5080); 1893 tops at ~242-250 (true total to be confirmed). Residual gap after recovery is DETECTION/data-availability limited, not renumber-limited. | OK
[2026-06-14 01:15 PT] VALIDATE | TRUE TOTALS confirmed via Chief Clerk archive TOCs: 1957=2424 (vol1 ch1-1400 / vol2 ch1401-2424), 1931=1220 (vol1 = whole session, NOT 1442), 1893=244, 1863=476. My earlier 1442/305 guesses were wrong; corrected. | OK
[2026-06-14 01:18 PT] FIX | BUG: CA_HARD_CEILING was 2300 < 1957's true max 2424 -> capped out 97 real high chapters. Raised to 2500 in recover_acts.py + validate_recovery.py (still rejects OCR-garble 3000+). | OK
[2026-06-14 01:25 PT] VALIDATE | FINAL before->after confident distinct (gap recovered): 1957 1629->2284 of 2424 (82.4%); 1931 622->992 of 1220 (61.9%); 1893 199->226 of 244 (63.3%); 1863 154->160 of 476 (2.1%). 0 duplicate chapters in all four (was 24/8/10/3). Lost-to-flagged (safe, correct number, NOT corrupted): 2/4/6/3. | OK
[2026-06-14 01:28 PT] VALIDATE | 1863 ROOT CAUSE: 1860s OCR contains only 30 'CHAP' tokens across 855 pages (vs 1893=305) -> chapter headers essentially absent from early-era OCR; the one-act-per-page top-header layout this pass targets does not exist pre~1880. Different (header-free, date+An-act sequence) detector needed for the 1850s-70s -- OUT OF SCOPE for this header-loss pass. | OK
[2026-06-14 01:30 PT] VALIDATE | PRECISION FINAL: filled-act leading-CHAPTER-NN witness 1957 agree=322 disagree=44, disagreements dominated by renumber CORRECTING OCR-inflated/misread printed numbers. No false splits / duplicate-act fabrication (dup_text_check). Spot-checked page-13/29/35 recovered acts -> contiguous, correctly numbered. | OK
