[2026-06-08 11:50:07] === 5090 GPU monitor online (interval 60s, ceiling 85C, miss-threshold 3, driver-stability watch) ===
[2026-06-08 11:50:08] ok (peak 40C) | 40, 0 %, 12.66 W, 612 MiB
[2026-06-08 11:51:09] ok (peak 40C) | 40, 2 %, 12.85 W, 612 MiB
[2026-06-08 11:52:10] ok (peak 40C) | 40, 0 %, 13.28 W, 612 MiB
[2026-06-08 11:53:11] ok (peak 40C) | 40, 0 %, 12.82 W, 612 MiB
[2026-06-08 11:54:11] ok (peak 40C) | 40, 3 %, 13.08 W, 612 MiB
[2026-06-08 11:55:12] ok (peak 40C) | 40, 3 %, 13.50 W, 612 MiB
[2026-06-08 11:56:13] ok (peak 40C) | 40, 0 %, 13.42 W, 612 MiB
[2026-06-08 11:57:14] ok (peak 40C) | 40, 3 %, 13.22 W, 612 MiB
[2026-06-08 11:58:14] ok (peak 40C) | 40, 3 %, 13.41 W, 612 MiB
[2026-06-08 11:59:15] ok (peak 40C) | 40, 0 %, 13.18 W, 612 MiB
[2026-06-08 12:00:16] ok (peak 40C) | 40, 3 %, 13.56 W, 611 MiB
[2026-06-08 12:01:17] ok (peak 40C) | 40, 0 %, 14.08 W, 611 MiB
[2026-06-08 12:02:18] ok (peak 40C) | 40, 0 %, 13.59 W, 611 MiB
[2026-06-08 12:03:18] ok (peak 40C) | 40, 0 %, 13.08 W, 611 MiB
[2026-06-08 12:04:19] ok (peak 40C) | 40, 3 %, 13.55 W, 611 MiB
[2026-06-08 12:05:20] ok (peak 40C) | 40, 3 %, 13.50 W, 611 MiB
[2026-06-08 12:06:21] ok (peak 40C) | 40, 0 %, 13.56 W, 611 MiB
[2026-06-08 12:07:22] ok (peak 40C) | 40, 0 %, 13.63 W, 611 MiB
[2026-06-08 12:08:22] ok (peak 40C) | 40, 0 %, 13.79 W, 611 MiB
[2026-06-08 12:09:23] ok (peak 40C) | 40, 0 %, 14.01 W, 611 MiB
[2026-06-08 12:10:24] ok (peak 40C) | 40, 0 %, 13.09 W, 611 MiB
[2026-06-08 12:11:25] ok (peak 40C) | 40, 0 %, 13.92 W, 611 MiB
[2026-06-08 12:12:25] ok (peak 40C) | 40, 0 %, 13.74 W, 611 MiB
[2026-06-08 12:13:26] ok (peak 40C) | 40, 0 %, 13.45 W, 611 MiB
[2026-06-08 12:14:27] ok (peak 40C) | 40, 0 %, 13.77 W, 611 MiB
[2026-06-08 12:15:28] ok (peak 40C) | 40, 0 %, 13.33 W, 611 MiB
[2026-06-08 12:16:28] ok (peak 40C) | 40, 3 %, 13.50 W, 611 MiB
[2026-06-08 12:17:29] ok (peak 40C) | 40, 3 %, 13.82 W, 611 MiB
[2026-06-08 12:18:30] ok (peak 40C) | 40, 0 %, 13.37 W, 611 MiB
[2026-06-08 12:19:31] ok (peak 40C) | 40, 0 %, 13.57 W, 611 MiB
[2026-06-08 12:20:32] ok (peak 40C) | 40, 0 %, 13.18 W, 611 MiB
[2026-06-08 12:21:32] ok (peak 40C) | 40, 0 %, 13.60 W, 611 MiB
[2026-06-08 12:22:33] ok (peak 40C) | 40, 0 %, 13.44 W, 611 MiB
[2026-06-08 12:23:34] ok (peak 40C) | 40, 0 %, 13.57 W, 611 MiB
[2026-06-08 12:24:35] ok (peak 40C) | 40, 0 %, 13.21 W, 611 MiB
[2026-06-08 12:25:36] ok (peak 40C) | 40, 0 %, 13.75 W, 611 MiB
[2026-06-08 12:26:36] ok (peak 40C) | 40, 0 %, 13.97 W, 611 MiB
[2026-06-08 12:27:37] ok (peak 40C) | 40, 0 %, 13.74 W, 611 MiB
[2026-06-08 12:28:38] ok (peak 40C) | 40, 0 %, 14.13 W, 611 MiB
[2026-06-08 12:29:39] ok (peak 40C) | 40, 0 %, 13.50 W, 611 MiB
[2026-06-08 12:30:40] ok (peak 40C) | 40, 0 %, 13.35 W, 611 MiB
[2026-06-08 12:31:41] ok (peak 40C) | 40, 0 %, 13.01 W, 611 MiB
[2026-06-08 12:32:41] ok (peak 40C) | 40, 0 %, 13.54 W, 611 MiB
[2026-06-08 12:33:42] ok (peak 40C) | 40, 0 %, 13.20 W, 611 MiB
[2026-06-08 12:34:43] ok (peak 40C) | 40, 0 %, 13.67 W, 611 MiB
[2026-06-08 12:35:44] ok (peak 40C) | 40, 0 %, 13.06 W, 611 MiB
[2026-06-08 12:36:44] ok (peak 40C) | 40, 0 %, 13.40 W, 611 MiB
[2026-06-08 12:37:45] ok (peak 40C) | 40, 3 %, 13.01 W, 611 MiB
[2026-06-08 12:38:46] ok (peak 40C) | 40, 0 %, 13.24 W, 611 MiB
[2026-06-08 12:39:47] ok (peak 40C) | 40, 0 %, 13.06 W, 611 MiB
[2026-06-08 12:40:48] ok (peak 40C) | 40, 0 %, 13.00 W, 611 MiB
[2026-06-08 12:41:48] ok (peak 40C) | 40, 0 %, 13.10 W, 611 MiB
[2026-06-08 12:42:49] ok (peak 40C) | 40, 0 %, 13.29 W, 611 MiB
[2026-06-08 12:43:50] ok (peak 40C) | 40, 0 %, 12.82 W, 611 MiB
[2026-06-08 12:44:51] ok (peak 40C) | 40, 0 %, 13.43 W, 611 MiB
[2026-06-08 12:45:51] ok (peak 40C) | 40, 0 %, 13.59 W, 611 MiB
[2026-06-08 12:46:52] ok (peak 40C) | 40, 0 %, 13.93 W, 611 MiB
[2026-06-08 12:47:53] ok (peak 40C) | 40, 0 %, 12.93 W, 611 MiB
[2026-06-08 12:48:54] ok (peak 40C) | 40, 0 %, 13.94 W, 611 MiB
[2026-06-08 12:49:54] ok (peak 40C) | 40, 0 %, 13.62 W, 611 MiB
[2026-06-08 12:50:55] ok (peak 40C) | 40, 0 %, 13.79 W, 611 MiB
[2026-06-08 12:51:56] ok (peak 40C) | 40, 0 %, 13.94 W, 611 MiB
[2026-06-08 12:52:57] ok (peak 40C) | 40, 0 %, 13.22 W, 611 MiB
[2026-06-08 12:53:57] ok (peak 40C) | 40, 0 %, 13.98 W, 611 MiB
[2026-06-08 12:54:58] ok (peak 40C) | 40, 0 %, 13.83 W, 611 MiB
[2026-06-08 12:55:59] ok (peak 40C) | 40, 0 %, 13.07 W, 611 MiB
[2026-06-08 12:57:00] ok (peak 40C) | 40, 0 %, 13.51 W, 611 MiB
[2026-06-08 12:58:01] ok (peak 40C) | 40, 0 %, 13.65 W, 611 MiB
[2026-06-08 12:59:01] ok (peak 40C) | 40, 0 %, 13.23 W, 611 MiB
[2026-06-08 13:00:02] ok (peak 40C) | 40, 0 %, 13.27 W, 611 MiB
[2026-06-08 13:01:03] ok (peak 40C) | 40, 0 %, 12.97 W, 611 MiB
[2026-06-08 13:02:04] ok (peak 40C) | 40, 0 %, 13.20 W, 611 MiB
[2026-06-08 13:03:05] ok (peak 40C) | 40, 2 %, 13.15 W, 611 MiB
[2026-06-08 13:04:05] ok (peak 40C) | 40, 0 %, 12.79 W, 611 MiB
[2026-06-08 13:05:06] ok (peak 40C) | 40, 0 %, 13.14 W, 611 MiB
[2026-06-08 13:06:07] ok (peak 40C) | 40, 0 %, 12.91 W, 611 MiB
[2026-06-08 13:07:08] ok (peak 40C) | 40, 2 %, 12.78 W, 611 MiB
[2026-06-08 13:08:08] ok (peak 40C) | 40, 0 %, 12.93 W, 611 MiB
[2026-06-08 13:09:09] ok (peak 40C) | 40, 0 %, 13.06 W, 611 MiB
[2026-06-08 13:10:10] ok (peak 40C) | 40, 3 %, 13.34 W, 611 MiB
[2026-06-08 13:11:11] ok (peak 41C) | 41, 3 %, 13.02 W, 611 MiB
[2026-06-08 13:12:11] ok (peak 41C) | 40, 0 %, 13.18 W, 611 MiB
[2026-06-08 13:13:12] ok (peak 41C) | 40, 3 %, 12.99 W, 611 MiB
[2026-06-08 13:14:13] ok (peak 41C) | 40, 0 %, 13.28 W, 611 MiB
[2026-06-08 13:15:14] ok (peak 41C) | 40, 0 %, 13.23 W, 611 MiB
[2026-06-08 13:16:15] ok (peak 41C) | 40, 0 %, 13.18 W, 611 MiB
[2026-06-08 13:17:15] ok (peak 41C) | 40, 0 %, 13.29 W, 611 MiB
[2026-06-08 13:18:16] ok (peak 41C) | 40, 0 %, 13.25 W, 611 MiB
[2026-06-08 13:19:17] ok (peak 41C) | 40, 0 %, 13.64 W, 611 MiB
[2026-06-08 13:20:18] ok (peak 41C) | 40, 0 %, 12.91 W, 611 MiB
[2026-06-08 13:21:18] ok (peak 41C) | 40, 0 %, 13.94 W, 610 MiB
[2026-06-08 13:22:19] ok (peak 41C) | 40, 0 %, 13.32 W, 610 MiB
[2026-06-08 13:23:20] ok (peak 41C) | 40, 0 %, 13.43 W, 610 MiB
[2026-06-08 13:24:21] ok (peak 41C) | 40, 0 %, 13.45 W, 610 MiB
[2026-06-08 13:25:21] ok (peak 41C) | 41, 0 %, 13.56 W, 610 MiB
[2026-06-08 13:26:22] ok (peak 41C) | 41, 0 %, 13.54 W, 610 MiB
[2026-06-08 13:27:23] ok (peak 41C) | 41, 0 %, 13.90 W, 610 MiB
[2026-06-08 13:28:24] ok (peak 41C) | 41, 0 %, 13.79 W, 610 MiB
[2026-06-08 13:29:25] ok (peak 41C) | 41, 0 %, 13.35 W, 610 MiB
[2026-06-08 13:30:25] ok (peak 41C) | 41, 0 %, 13.65 W, 610 MiB
[2026-06-08 13:31:26] ok (peak 41C) | 41, 7 %, 14.13 W, 610 MiB
[2026-06-08 13:32:27] ok (peak 41C) | 41, 0 %, 14.12 W, 610 MiB
[2026-06-08 13:33:28] ok (peak 41C) | 41, 0 %, 13.58 W, 610 MiB
[2026-06-08 13:34:28] ok (peak 41C) | 41, 0 %, 13.45 W, 610 MiB
[2026-06-08 13:35:30] ok (peak 41C) | 41, 0 %, 13.06 W, 610 MiB
[2026-06-08 13:36:31] ok (peak 41C) | 41, 0 %, 12.98 W, 610 MiB
[2026-06-08 13:37:32] ok (peak 41C) | 41, 0 %, 13.38 W, 610 MiB
[2026-06-08 13:38:32] ok (peak 41C) | 41, 0 %, 13.85 W, 610 MiB
[2026-06-08 13:39:33] ok (peak 41C) | 41, 0 %, 13.56 W, 610 MiB
[2026-06-08 13:40:34] ok (peak 41C) | 41, 0 %, 13.20 W, 610 MiB
[2026-06-08 13:41:35] ok (peak 41C) | 41, 0 %, 13.51 W, 610 MiB
[2026-06-08 13:42:36] ok (peak 41C) | 41, 0 %, 12.84 W, 610 MiB
[2026-06-08 13:43:36] ok (peak 41C) | 41, 0 %, 13.31 W, 610 MiB
[2026-06-08 13:44:37] ok (peak 41C) | 41, 0 %, 13.16 W, 610 MiB
[2026-06-08 13:45:38] ok (peak 41C) | 41, 0 %, 12.84 W, 610 MiB
[2026-06-08 13:46:39] ok (peak 41C) | 41, 0 %, 13.21 W, 610 MiB
[2026-06-08 13:47:40] ok (peak 41C) | 41, 0 %, 13.87 W, 610 MiB
[2026-06-08 13:48:40] ok (peak 41C) | 41, 0 %, 13.40 W, 610 MiB
[2026-06-08 13:49:41] ok (peak 41C) | 41, 0 %, 13.22 W, 610 MiB
[2026-06-08 13:50:42] ok (peak 41C) | 41, 0 %, 13.76 W, 610 MiB
[2026-06-08 13:51:43] ok (peak 41C) | 41, 0 %, 12.93 W, 610 MiB
[2026-06-08 13:52:44] ok (peak 41C) | 41, 0 %, 12.81 W, 610 MiB
[2026-06-08 13:53:44] ok (peak 41C) | 41, 0 %, 13.23 W, 610 MiB
[2026-06-08 13:54:45] ok (peak 41C) | 41, 0 %, 13.10 W, 610 MiB
[2026-06-08 13:55:46] ok (peak 41C) | 40, 0 %, 13.04 W, 610 MiB
[2026-06-08 13:56:47] ok (peak 41C) | 40, 0 %, 12.48 W, 610 MiB
[2026-06-08 13:57:48] ok (peak 41C) | 40, 0 %, 12.57 W, 610 MiB
[2026-06-08 13:58:48] ok (peak 41C) | 40, 0 %, 13.01 W, 610 MiB
[2026-06-08 13:59:49] ok (peak 41C) | 40, 0 %, 13.27 W, 610 MiB
[2026-06-08 14:00:50] ok (peak 41C) | 40, 0 %, 13.37 W, 610 MiB
[2026-06-08 14:01:51] ok (peak 41C) | 40, 0 %, 12.90 W, 610 MiB
[2026-06-08 14:02:51] ok (peak 41C) | 40, 3 %, 12.59 W, 610 MiB
[2026-06-08 14:03:52] ok (peak 41C) | 40, 6 %, 13.06 W, 610 MiB
[2026-06-08 14:04:53] ok (peak 41C) | 40, 0 %, 12.84 W, 610 MiB
[2026-06-08 14:05:54] ok (peak 41C) | 40, 0 %, 13.16 W, 610 MiB
[2026-06-08 14:06:55] ok (peak 41C) | 40, 0 %, 12.81 W, 610 MiB
[2026-06-08 14:07:55] ok (peak 41C) | 40, 0 %, 12.36 W, 610 MiB
[2026-06-08 14:08:56] ok (peak 41C) | 40, 0 %, 13.21 W, 610 MiB
[2026-06-08 14:09:57] ok (peak 41C) | 40, 0 %, 12.61 W, 610 MiB
[2026-06-08 14:10:58] ok (peak 41C) | 40, 0 %, 12.80 W, 610 MiB
[2026-06-08 14:11:58] ok (peak 41C) | 40, 0 %, 12.87 W, 610 MiB
[2026-06-08 14:12:59] ok (peak 41C) | 40, 0 %, 13.38 W, 610 MiB
[2026-06-08 14:14:00] ok (peak 41C) | 40, 0 %, 12.83 W, 610 MiB
[2026-06-08 14:15:01] ok (peak 41C) | 39, 0 %, 12.77 W, 610 MiB
[2026-06-08 14:16:02] ok (peak 41C) | 39, 0 %, 13.38 W, 610 MiB
[2026-06-08 14:17:02] ok (peak 41C) | 39, 0 %, 13.18 W, 610 MiB
[2026-06-08 14:18:03] ok (peak 41C) | 39, 0 %, 12.99 W, 610 MiB
[2026-06-08 14:19:04] ok (peak 41C) | 39, 0 %, 12.95 W, 610 MiB
[2026-06-08 14:20:05] ok (peak 41C) | 39, 0 %, 12.60 W, 610 MiB
[2026-06-08 14:21:05] ok (peak 41C) | 39, 0 %, 12.69 W, 610 MiB
[2026-06-08 14:22:06] ok (peak 41C) | 39, 0 %, 12.33 W, 610 MiB
[2026-06-08 14:23:07] ok (peak 41C) | 39, 0 %, 12.73 W, 610 MiB
[2026-06-08 14:24:08] ok (peak 41C) | 39, 0 %, 12.87 W, 610 MiB
[2026-06-08 14:25:08] ok (peak 41C) | 39, 0 %, 13.03 W, 610 MiB
[2026-06-08 14:26:09] ok (peak 41C) | 39, 0 %, 12.42 W, 610 MiB
[2026-06-08 14:27:10] ok (peak 41C) | 39, 0 %, 12.71 W, 610 MiB
[2026-06-08 14:28:11] ok (peak 41C) | 39, 0 %, 13.02 W, 610 MiB
[2026-06-08 14:29:11] ok (peak 41C) | 39, 0 %, 12.98 W, 610 MiB
[2026-06-08 14:30:12] ok (peak 41C) | 39, 0 %, 12.72 W, 610 MiB
[2026-06-08 14:31:13] ok (peak 41C) | 39, 0 %, 12.97 W, 610 MiB
[2026-06-08 14:32:14] ok (peak 41C) | 39, 0 %, 12.66 W, 610 MiB
[2026-06-08 14:33:15] ok (peak 41C) | 39, 0 %, 12.62 W, 610 MiB
[2026-06-08 14:34:15] ok (peak 41C) | 39, 0 %, 12.57 W, 610 MiB
[2026-06-08 14:35:16] ok (peak 41C) | 39, 0 %, 12.39 W, 610 MiB
[2026-06-08 14:36:17] ok (peak 41C) | 39, 0 %, 12.55 W, 610 MiB
[2026-06-08 14:37:18] ok (peak 41C) | 39, 0 %, 13.35 W, 610 MiB
[2026-06-08 14:38:18] ok (peak 41C) | 39, 0 %, 12.60 W, 610 MiB
[2026-06-08 14:39:19] ok (peak 41C) | 39, 0 %, 13.12 W, 610 MiB
[2026-06-08 14:40:20] ok (peak 41C) | 40, 0 %, 40.14 W, 802 MiB
[2026-06-08 14:41:21] ok (peak 41C) | 39, 0 %, 12.84 W, 755 MiB
[2026-06-08 14:42:21] ok (peak 41C) | 39, 0 %, 13.06 W, 755 MiB
[2026-06-08 14:43:22] ok (peak 41C) | 39, 0 %, 12.90 W, 755 MiB
[2026-06-08 14:44:23] ok (peak 41C) | 39, 0 %, 12.90 W, 755 MiB
[2026-06-08 14:45:24] ok (peak 41C) | 39, 0 %, 12.62 W, 755 MiB
[2026-06-08 14:46:24] ok (peak 41C) | 39, 0 %, 12.60 W, 755 MiB
[2026-06-08 14:47:25] ok (peak 41C) | 39, 0 %, 12.89 W, 755 MiB
[2026-06-08 14:48:26] ok (peak 41C) | 39, 0 %, 13.25 W, 755 MiB
[2026-06-08 14:49:27] ok (peak 41C) | 39, 0 %, 12.74 W, 755 MiB
[2026-06-08 14:50:27] ok (peak 41C) | 39, 0 %, 13.23 W, 755 MiB
[2026-06-08 14:51:28] ok (peak 41C) | 39, 0 %, 13.30 W, 755 MiB
[2026-06-08 14:52:29] ok (peak 41C) | 39, 0 %, 12.95 W, 755 MiB
[2026-06-08 14:53:30] ok (peak 41C) | 39, 0 %, 12.65 W, 755 MiB
[2026-06-08 14:54:30] ok (peak 41C) | 39, 0 %, 13.02 W, 755 MiB
[2026-06-08 14:55:31] ok (peak 41C) | 39, 2 %, 13.11 W, 755 MiB
[2026-06-08 14:56:32] ok (peak 41C) | 39, 0 %, 13.91 W, 755 MiB
[2026-06-08 14:57:33] ok (peak 41C) | 39, 0 %, 13.30 W, 755 MiB
[2026-06-08 14:58:51] ok (peak 41C) | 39, 0 %, 13.18 W, 755 MiB
[2026-06-08 14:59:52] ok (peak 41C) | 39, 0 %, 13.99 W, 755 MiB
[2026-06-08 15:00:52] ok (peak 41C) | 39, 0 %, 13.32 W, 755 MiB
[2026-06-08 15:01:53] ok (peak 41C) | 39, 0 %, 13.97 W, 755 MiB
[2026-06-08 15:02:54] ok (peak 41C) | 39, 0 %, 13.33 W, 755 MiB
[2026-06-08 15:03:55] ok (peak 41C) | 39, 0 %, 12.78 W, 755 MiB
[2026-06-08 15:04:55] ok (peak 41C) | 39, 0 %, 13.59 W, 755 MiB
[2026-06-08 15:05:56] ok (peak 41C) | 39, 0 %, 13.69 W, 755 MiB
[2026-06-08 15:06:57] ok (peak 41C) | 39, 2 %, 12.91 W, 755 MiB
[2026-06-08 15:07:58] ok (peak 41C) | 39, 0 %, 13.74 W, 755 MiB
[2026-06-08 15:08:59] ok (peak 41C) | 39, 2 %, 13.30 W, 755 MiB
[2026-06-08 15:09:59] ok (peak 41C) | 39, 0 %, 13.41 W, 755 MiB
[2026-06-08 15:11:00] ok (peak 41C) | 39, 0 %, 13.42 W, 755 MiB
[2026-06-08 15:12:01] ok (peak 41C) | 39, 0 %, 13.70 W, 755 MiB
[2026-06-08 15:13:02] ok (peak 41C) | 39, 0 %, 12.82 W, 755 MiB
[2026-06-08 15:14:03] ok (peak 41C) | 39, 0 %, 13.52 W, 755 MiB
[2026-06-08 15:15:03] ok (peak 41C) | 39, 0 %, 13.14 W, 755 MiB
[2026-06-08 15:16:04] ok (peak 41C) | 39, 0 %, 13.36 W, 755 MiB
[2026-06-08 15:17:05] ok (peak 41C) | 39, 0 %, 13.52 W, 755 MiB
[2026-06-08 15:18:06] ok (peak 41C) | 39, 0 %, 13.16 W, 755 MiB
[2026-06-08 15:19:06] ok (peak 41C) | 39, 0 %, 13.21 W, 755 MiB
[2026-06-08 15:20:07] ok (peak 41C) | 39, 0 %, 13.44 W, 755 MiB
[2026-06-08 15:21:08] ok (peak 41C) | 39, 0 %, 13.02 W, 755 MiB
[2026-06-08 15:22:09] ok (peak 41C) | 39, 0 %, 13.48 W, 755 MiB
[2026-06-08 15:23:09] ok (peak 41C) | 39, 0 %, 12.58 W, 755 MiB
[2026-06-08 15:24:10] ok (peak 41C) | 39, 0 %, 13.10 W, 755 MiB
[2026-06-08 15:25:11] ok (peak 41C) | 39, 0 %, 13.45 W, 755 MiB
[2026-06-08 15:26:12] ok (peak 41C) | 39, 0 %, 12.65 W, 755 MiB
[2026-06-08 15:27:13] ok (peak 41C) | 39, 0 %, 13.34 W, 755 MiB
[2026-06-08 15:28:13] ok (peak 41C) | 39, 0 %, 13.41 W, 755 MiB
[2026-06-08 15:29:14] ok (peak 41C) | 39, 0 %, 13.10 W, 755 MiB
[2026-06-08 15:30:15] ok (peak 41C) | 39, 0 %, 13.31 W, 755 MiB
[2026-06-08 15:31:16] ok (peak 41C) | 39, 0 %, 13.14 W, 755 MiB
[2026-06-08 15:32:16] ok (peak 41C) | 39, 0 %, 13.57 W, 755 MiB
[2026-06-08 15:33:17] ok (peak 41C) | 39, 0 %, 13.59 W, 755 MiB
[2026-06-08 15:34:18] ok (peak 41C) | 39, 0 %, 13.20 W, 755 MiB
[2026-06-08 15:35:19] ok (peak 41C) | 39, 0 %, 12.64 W, 755 MiB
[2026-06-08 15:36:19] ok (peak 41C) | 39, 0 %, 12.77 W, 755 MiB
[2026-06-08 15:37:20] ok (peak 41C) | 39, 0 %, 13.16 W, 755 MiB
[2026-06-08 15:38:21] ok (peak 41C) | 39, 0 %, 13.30 W, 755 MiB
[2026-06-08 15:39:22] ok (peak 41C) | 39, 0 %, 13.33 W, 755 MiB
[2026-06-08 15:40:22] ok (peak 41C) | 39, 0 %, 13.04 W, 755 MiB
[2026-06-08 15:41:23] ok (peak 41C) | 39, 0 %, 13.31 W, 755 MiB
[2026-06-08 15:42:24] ok (peak 41C) | 39, 0 %, 13.51 W, 755 MiB
[2026-06-08 15:43:25] ok (peak 41C) | 39, 0 %, 13.45 W, 755 MiB
[2026-06-08 15:44:25] ok (peak 41C) | 39, 0 %, 13.94 W, 755 MiB
[2026-06-08 15:45:26] ok (peak 41C) | 39, 0 %, 13.81 W, 755 MiB
[2026-06-08 15:46:27] ok (peak 41C) | 39, 0 %, 13.89 W, 755 MiB
[2026-06-08 15:47:28] ok (peak 41C) | 39, 0 %, 13.70 W, 755 MiB
[2026-06-08 15:48:28] ok (peak 41C) | 39, 0 %, 14.13 W, 755 MiB
[2026-06-08 15:49:29] ok (peak 41C) | 39, 3 %, 14.35 W, 755 MiB
[2026-06-08 15:50:30] ok (peak 41C) | 39, 0 %, 13.68 W, 755 MiB
[2026-06-08 15:51:31] ok (peak 41C) | 39, 0 %, 13.67 W, 755 MiB
[2026-06-08 15:52:31] ok (peak 41C) | 39, 0 %, 13.21 W, 755 MiB
[2026-06-08 15:53:32] ok (peak 41C) | 39, 0 %, 13.92 W, 755 MiB
[2026-06-08 15:54:33] ok (peak 41C) | 39, 0 %, 13.13 W, 755 MiB
[2026-06-08 15:55:34] ok (peak 41C) | 39, 0 %, 13.41 W, 755 MiB
[2026-06-08 15:56:35] ok (peak 41C) | 39, 0 %, 14.03 W, 755 MiB
[2026-06-08 15:57:35] ok (peak 41C) | 39, 0 %, 13.10 W, 755 MiB
[2026-06-08 15:58:36] ok (peak 41C) | 39, 0 %, 13.37 W, 755 MiB
[2026-06-08 15:59:37] ok (peak 41C) | 39, 0 %, 13.39 W, 755 MiB
[2026-06-08 16:00:38] ok (peak 41C) | 39, 0 %, 13.61 W, 755 MiB
[2026-06-08 16:01:39] ok (peak 41C) | 39, 0 %, 13.21 W, 755 MiB
[2026-06-08 16:02:39] ok (peak 41C) | 39, 0 %, 13.19 W, 755 MiB
[2026-06-08 16:03:40] ok (peak 41C) | 39, 0 %, 13.05 W, 755 MiB
[2026-06-08 16:04:41] ok (peak 41C) | 39, 0 %, 13.19 W, 755 MiB
[2026-06-08 16:05:42] ok (peak 41C) | 39, 0 %, 13.39 W, 755 MiB
[2026-06-08 16:06:42] ok (peak 41C) | 39, 0 %, 12.70 W, 755 MiB
[2026-06-08 16:07:43] ok (peak 41C) | 39, 0 %, 13.18 W, 755 MiB
[2026-06-08 16:09:34] === 5090 GPU monitor online (interval 60s, ceiling 85C, miss-threshold 3, driver-stability watch) ===
[2026-06-08 16:09:35] ok (peak 39C) | 39, 0 %, 12.97 W, 755 MiB
[2026-06-08 16:10:36] ok (peak 44C) | 44, 0 %, 86.81 W, 3270 MiB
[2026-06-08 16:11:37] ok (peak 49C) | 49, 68 %, 290.76 W, 22407 MiB
[2026-06-08 16:12:37] ok (peak 52C) | 52, 21 %, 181.62 W, 7581 MiB
[2026-06-08 16:13:14] === 5090 GPU monitor online (interval 60s, ceiling 72C, miss-threshold 3, driver-stability watch) ===
[2026-06-08 16:13:15] ok (peak 60C) | 60, 96 %, 210.99 W, 27241 MiB
[2026-06-08 16:14:17] ok (peak 60C) | 56, 85 %, 258.32 W, 14315 MiB
[2026-06-08 16:15:18] ok (peak 60C) | 55, 0 %, 126.92 W, 22215 MiB
[2026-06-08 16:16:19] ok (peak 61C) | 61, 77 %, 381.61 W, 25159 MiB
[2026-06-08 16:17:20] ok (peak 61C) | 61, 73 %, 303.77 W, 22377 MiB
[2026-06-08 16:18:20] ok (peak 61C) | 61, 17 %, 234.57 W, 11449 MiB
[2026-06-08 16:19:21] ok (peak 61C) | 61, 15 %, 235.39 W, 24114 MiB
[2026-06-08 16:20:22] ok (peak 65C) | 65, 76 %, 205.75 W, 9236 MiB
[2026-06-08 16:21:23] ok (peak 69C) | 69, 99 %, 223.60 W, 23170 MiB
[2026-06-08 16:22:23] ok (peak 69C) | 58, 79 %, 165.23 W, 31890 MiB
[2026-06-08 16:23:36] MISS 1/3: 5090 unreachable (ssh rc=255)
[2026-06-08 16:24:48] MISS 2/3: 5090 unreachable (ssh rc=255)
[2026-06-08 16:26:00] MISS 3/3: 5090 unreachable (ssh rc=255)
[2026-06-08 16:26:00] === 5090 DISAPPEARED at ~2026-06-08 16:26:00 -- LIKELY CRASH ===
[2026-06-08 16:26:00] === last contact 2026-06-08 16:22:23; last reading (temp,util,power,mem): 58, 79 %, 165.23 W, 31890 MiB ; peak temp this run 69C ===
[2026-06-08 17:05:42] === 5090 GPU monitor online (interval 60s, ceiling 72C, miss-threshold 3, driver-stability watch) ===
[2026-06-08 17:05:43] ok (peak 51C) | 51, 0 %, 24.16 W, 1145 MiB
[2026-06-08 17:06:43] ok (peak 51C) | 44, 0 %, 22.52 W, 1145 MiB
[2026-06-08 17:07:44] ok (peak 51C) | 44, 0 %, 99.21 W, 2880 MiB
[2026-06-08 17:08:45] ok (peak 51C) | 44, 51 %, 34.17 W, 19502 MiB
[2026-06-08 17:09:46] ok (peak 51C) | 46, 0 %, 107.09 W, 3936 MiB
[2026-06-08 17:10:46] ok (peak 51C) | 47, 0 %, 108.42 W, 3804 MiB
[2026-06-08 17:11:47] ok (peak 51C) | 46, 0 %, 113.02 W, 3000 MiB
[2026-06-08 17:12:48] ok (peak 51C) | 46, 0 %, 110.86 W, 3060 MiB
[2026-06-08 17:13:49] ok (peak 51C) | 49, 11 %, 134.29 W, 7696 MiB
[2026-06-08 17:14:50] ok (peak 51C) | 46, 0 %, 114.56 W, 3938 MiB
[2026-06-08 17:15:50] ok (peak 51C) | 46, 0 %, 118.94 W, 3128 MiB
[2026-06-08 17:16:51] ok (peak 51C) | 46, 0 %, 92.62 W, 3890 MiB
[2026-06-08 17:17:52] ok (peak 51C) | 47, 0 %, 101.68 W, 3846 MiB
[2026-06-08 17:18:53] ok (peak 51C) | 47, 0 %, 91.03 W, 3902 MiB
[2026-06-08 17:19:54] ok (peak 51C) | 48, 0 %, 98.64 W, 4010 MiB
[2026-06-08 17:20:54] ok (peak 52C) | 52, 24 %, 171.49 W, 4684 MiB
[2026-06-08 17:21:55] ok (peak 59C) | 59, 34 %, 297.55 W, 21680 MiB
[2026-06-08 17:22:56] ok (peak 59C) | 49, 0 %, 46.40 W, 4660 MiB
[2026-06-08 17:23:57] ok (peak 59C) | 51, 0 %, 357.41 W, 19452 MiB
[2026-06-08 17:25:09] MISS 1/3: 5090 unreachable (ssh rc=255)
[2026-06-08 17:26:10] ok (peak 59C) | 57, 53 %, 117.01 W, 19218 MiB
[2026-06-08 17:27:10] ok (peak 60C) | 60, 99 %, 189.06 W, 19450 MiB
[2026-06-08 17:28:11] ok (peak 60C) | 50, 0 %, 358.45 W, 19012 MiB
[2026-06-08 17:29:12] ok (peak 60C) | 50, 0 %, 145.73 W, 3114 MiB
[2026-06-08 17:30:13] ok (peak 60C) | 48, 0 %, 42.71 W, 3776 MiB
[2026-06-08 17:31:14] ok (peak 60C) | 50, 0 %, 341.79 W, 19000 MiB
[2026-06-08 17:32:14] ok (peak 60C) | 48, 0 %, 34.70 W, 3764 MiB
[2026-06-08 17:33:15] ok (peak 60C) | 49, 0 %, 95.72 W, 21432 MiB
[2026-06-08 17:34:16] ok (peak 60C) | 48, 0 %, 73.37 W, 3766 MiB
[2026-06-08 17:35:17] ok (peak 60C) | 47, 0 %, 35.46 W, 12082 MiB
[2026-06-08 17:36:18] ok (peak 60C) | 47, 0 %, 35.32 W, 8600 MiB
[2026-06-08 17:37:18] ok (peak 60C) | 60, 99 %, 231.07 W, 22044 MiB
[2026-06-08 17:38:19] ok (peak 60C) | 50, 0 %, 304.61 W, 3074 MiB
[2026-06-08 17:39:20] ok (peak 60C) | 48, 0 %, 65.28 W, 3943 MiB
[2026-06-08 17:40:21] ok (peak 60C) | 50, 0 %, 343.18 W, 19561 MiB
[2026-06-08 17:41:21] ok (peak 60C) | 48, 0 %, 41.10 W, 4024 MiB
[2026-06-08 17:42:22] ok (peak 60C) | 48, 0 %, 92.43 W, 3949 MiB
[2026-06-08 17:43:23] ok (peak 60C) | 55, 79 %, 104.67 W, 19137 MiB
[2026-06-08 17:44:24] ok (peak 60C) | 47, 0 %, 32.42 W, 4785 MiB
[2026-06-08 17:45:24] ok (peak 60C) | 50, 0 %, 380.15 W, 19123 MiB
[2026-06-08 17:46:25] ok (peak 60C) | 48, 0 %, 41.77 W, 4785 MiB
[2026-06-08 17:47:26] ok (peak 60C) | 48, 0 %, 42.76 W, 4783 MiB
[2026-06-08 17:48:27] ok (peak 60C) | 51, 16 %, 291.21 W, 4783 MiB
[2026-06-08 17:49:27] ok (peak 60C) | 51, 58 %, 35.87 W, 19121 MiB
[2026-06-08 17:50:28] ok (peak 60C) | 48, 0 %, 60.60 W, 4785 MiB
[2026-06-08 17:51:29] ok (peak 60C) | 48, 0 %, 98.85 W, 4783 MiB
[2026-06-08 17:52:30] ok (peak 60C) | 47, 31 %, 32.11 W, 12501 MiB
[2026-06-08 17:53:30] ok (peak 60C) | 51, 20 %, 375.50 W, 19359 MiB
[2026-06-08 17:54:32] ok (peak 61C) | 61, 99 %, 228.50 W, 19147 MiB
[2026-06-08 17:55:32] ok (peak 61C) | 48, 0 %, 42.95 W, 4245 MiB
[2026-06-08 17:56:33] ok (peak 61C) | 51, 20 %, 286.76 W, 19601 MiB
[2026-06-08 17:57:34] ok (peak 61C) | 49, 0 %, 149.37 W, 19181 MiB
[2026-06-08 17:58:35] ok (peak 61C) | 49, 0 %, 348.83 W, 19223 MiB
[2026-06-08 17:59:36] ok (peak 61C) | 49, 0 %, 98.65 W, 4025 MiB
[2026-06-08 18:00:36] ok (peak 61C) | 53, 62 %, 289.96 W, 19497 MiB
[2026-06-08 18:01:37] ok (peak 61C) | 47, 0 %, 32.89 W, 19739 MiB
[2026-06-08 18:02:38] ok (peak 61C) | 48, 0 %, 46.11 W, 3913 MiB
[2026-06-08 18:03:39] ok (peak 61C) | 57, 96 %, 331.59 W, 19147 MiB
[2026-06-08 18:04:39] ok (peak 61C) | 49, 0 %, 288.84 W, 19649 MiB
[2026-06-08 18:05:40] ok (peak 61C) | 49, 97 %, 48.69 W, 19133 MiB
[2026-06-08 18:06:41] ok (peak 61C) | 47, 0 %, 32.44 W, 3899 MiB
[2026-06-08 18:07:42] ok (peak 61C) | 49, 0 %, 278.61 W, 19137 MiB
[2026-06-08 18:08:43] ok (peak 61C) | 49, 0 %, 115.68 W, 4519 MiB
[2026-06-08 18:09:43] ok (peak 61C) | 57, 100 %, 98.67 W, 18859 MiB
[2026-06-08 18:10:44] ok (peak 61C) | 49, 97 %, 41.89 W, 19511 MiB
[2026-06-08 18:11:45] ok (peak 61C) | 48, 0 %, 43.01 W, 4415 MiB
[2026-06-08 18:12:46] ok (peak 61C) | 53, 27 %, 314.71 W, 22119 MiB
[2026-06-08 18:13:46] ok (peak 61C) | 53, 0 %, 246.77 W, 19135 MiB
[2026-06-08 18:14:47] ok (peak 61C) | 50, 0 %, 122.40 W, 3899 MiB
[2026-06-08 18:15:48] ok (peak 61C) | 50, 0 %, 342.90 W, 19135 MiB
[2026-06-08 18:16:49] ok (peak 61C) | 48, 0 %, 52.34 W, 4795 MiB
[2026-06-08 18:17:50] ok (peak 61C) | 51, 17 %, 272.75 W, 6725 MiB
[2026-06-08 18:18:50] ok (peak 61C) | 50, 0 %, 113.93 W, 19135 MiB
[2026-06-08 18:19:51] ok (peak 61C) | 51, 15 %, 208.10 W, 3079 MiB
[2026-06-08 18:20:52] ok (peak 61C) | 50, 0 %, 320.86 W, 19503 MiB
[2026-06-08 18:21:53] ok (peak 61C) | 48, 0 %, 41.27 W, 3971 MiB
[2026-06-08 18:22:54] ok (peak 61C) | 48, 0 %, 32.60 W, 4361 MiB
[2026-06-08 18:23:54] ok (peak 61C) | 53, 11 %, 93.88 W, 3789 MiB
[2026-06-08 18:24:55] ok (peak 61C) | 52, 20 %, 307.50 W, 3899 MiB
[2026-06-08 18:25:56] ok (peak 61C) | 50, 0 %, 342.36 W, 19429 MiB
[2026-06-08 18:26:57] ok (peak 61C) | 52, 6 %, 297.00 W, 19141 MiB
[2026-06-08 18:27:58] ok (peak 61C) | 49, 0 %, 80.58 W, 4795 MiB
[2026-06-08 18:28:58] ok (peak 61C) | 61, 46 %, 274.08 W, 19147 MiB
[2026-06-08 18:29:59] ok (peak 61C) | 48, 0 %, 31.81 W, 10249 MiB
[2026-06-08 18:31:00] ok (peak 61C) | 50, 0 %, 189.23 W, 3581 MiB
[2026-06-08 18:32:01] ok (peak 61C) | 50, 0 %, 161.39 W, 3899 MiB
[2026-06-08 18:33:01] ok (peak 61C) | 49, 65 %, 91.28 W, 4007 MiB
[2026-06-08 18:34:02] ok (peak 61C) | 46, 0 %, 89.13 W, 4019 MiB
[2026-06-08 18:35:03] ok (peak 61C) | 46, 9 %, 99.86 W, 6311 MiB
[2026-06-08 18:36:04] ok (peak 61C) | 52, 21 %, 103.76 W, 6329 MiB
[2026-06-08 18:37:05] ok (peak 61C) | 52, 92 %, 112.65 W, 6175 MiB
[2026-06-08 18:38:05] ok (peak 61C) | 45, 9 %, 86.53 W, 3537 MiB
[2026-06-08 18:39:06] ok (peak 61C) | 45, 0 %, 94.69 W, 3797 MiB
[2026-06-08 18:40:07] ok (peak 61C) | 45, 0 %, 150.40 W, 3009 MiB
[2026-06-08 18:41:08] ok (peak 61C) | 43, 0 %, 72.36 W, 6439 MiB
[2026-06-08 18:42:08] ok (peak 61C) | 40, 0 %, 11.03 W, 1280 MiB
[2026-06-08 18:43:09] ok (peak 61C) | 43, 8 %, 85.00 W, 3709 MiB
[2026-06-08 18:44:10] ok (peak 61C) | 44, 7 %, 85.08 W, 3709 MiB
[2026-06-08 18:45:11] ok (peak 61C) | 44, 25 %, 103.90 W, 5769 MiB
[2026-06-08 18:46:12] ok (peak 61C) | 43, 0 %, 59.47 W, 3451 MiB
[2026-06-08 18:47:12] ok (peak 61C) | 46, 14 %, 118.30 W, 6407 MiB
[2026-06-08 18:48:13] ok (peak 61C) | 44, 0 %, 146.72 W, 3061 MiB
[2026-06-08 18:49:14] ok (peak 61C) | 46, 95 %, 116.83 W, 6365 MiB
[2026-06-08 18:50:15] ok (peak 61C) | 45, 0 %, 156.93 W, 3189 MiB
[2026-06-08 18:51:15] ok (peak 61C) | 45, 18 %, 80.00 W, 3931 MiB
[2026-06-08 18:52:16] ok (peak 61C) | 45, 0 %, 123.02 W, 3249 MiB
[2026-06-08 18:53:17] ok (peak 61C) | 48, 34 %, 100.47 W, 3707 MiB
[2026-06-08 18:54:18] ok (peak 61C) | 45, 0 %, 95.66 W, 3451 MiB
[2026-06-08 18:55:19] ok (peak 61C) | 45, 0 %, 96.72 W, 3931 MiB
[2026-06-08 18:56:19] ok (peak 61C) | 45, 0 %, 93.45 W, 3707 MiB
[2026-06-08 18:57:20] ok (peak 61C) | 45, 0 %, 144.76 W, 3059 MiB
[2026-06-08 18:58:21] ok (peak 61C) | 45, 0 %, 143.58 W, 3059 MiB
[2026-06-08 18:59:22] ok (peak 61C) | 45, 0 %, 147.27 W, 3061 MiB
[2026-06-08 19:00:22] ok (peak 61C) | 46, 13 %, 128.36 W, 3061 MiB
[2026-06-08 19:01:23] ok (peak 61C) | 44, 9 %, 65.32 W, 3931 MiB
[2026-06-08 19:02:24] ok (peak 61C) | 44, 0 %, 94.91 W, 6475 MiB
[2026-06-08 19:03:25] ok (peak 61C) | 45, 0 %, 140.34 W, 3061 MiB
[2026-06-08 19:04:26] ok (peak 61C) | 45, 0 %, 93.56 W, 3451 MiB
[2026-06-08 19:05:26] ok (peak 61C) | 44, 0 %, 83.54 W, 6297 MiB
[2026-06-08 19:06:27] ok (peak 61C) | 44, 0 %, 91.18 W, 6538 MiB
[2026-06-08 19:07:28] ok (peak 61C) | 47, 15 %, 125.62 W, 6538 MiB
[2026-06-08 19:08:29] ok (peak 61C) | 45, 0 %, 148.39 W, 3246 MiB
[2026-06-08 19:09:30] ok (peak 61C) | 44, 3 %, 104.27 W, 4118 MiB
[2026-06-08 19:10:30] ok (peak 61C) | 44, 0 %, 110.77 W, 3246 MiB
[2026-06-08 19:11:31] ok (peak 61C) | 46, 14 %, 130.69 W, 3246 MiB
[2026-06-08 19:12:32] ok (peak 61C) | 45, 0 %, 94.84 W, 3246 MiB
[2026-06-08 19:13:33] ok (peak 61C) | 44, 0 %, 100.11 W, 6594 MiB
[2026-06-08 19:14:33] ok (peak 61C) | 45, 0 %, 106.33 W, 4118 MiB
[2026-06-08 19:15:34] ok (peak 61C) | 52, 94 %, 124.20 W, 6274 MiB
[2026-06-08 19:16:35] ok (peak 61C) | 44, 0 %, 62.43 W, 3246 MiB
[2026-06-08 19:17:36] ok (peak 61C) | 44, 0 %, 83.29 W, 6594 MiB
[2026-06-08 19:18:36] ok (peak 61C) | 46, 14 %, 116.57 W, 5618 MiB
[2026-06-08 19:19:37] ok (peak 61C) | 44, 0 %, 88.64 W, 4186 MiB
[2026-06-08 19:20:38] ok (peak 61C) | 44, 0 %, 62.27 W, 4118 MiB
[2026-06-08 19:21:39] ok (peak 61C) | 45, 0 %, 94.19 W, 3234 MiB
[2026-06-08 19:22:40] ok (peak 61C) | 45, 0 %, 131.09 W, 3234 MiB
[2026-06-08 19:23:40] ok (peak 61C) | 44, 0 %, 76.24 W, 4106 MiB
[2026-06-08 19:24:41] ok (peak 61C) | 43, 0 %, 27.69 W, 1455 MiB
[2026-06-08 19:25:42] ok (peak 61C) | 39, 0 %, 9.84 W, 1455 MiB
[2026-06-08 19:26:43] ok (peak 61C) | 40, 0 %, 60.94 W, 4240 MiB
[2026-06-08 19:27:44] ok (peak 61C) | 47, 11 %, 235.89 W, 11782 MiB
[2026-06-08 19:28:44] ok (peak 61C) | 56, 99 %, 165.02 W, 12898 MiB
[2026-06-08 19:29:45] ok (peak 61C) | 58, 99 %, 180.09 W, 13518 MiB
[2026-06-08 19:30:46] ok (peak 61C) | 41, 0 %, 11.03 W, 1455 MiB
[2026-06-08 19:31:47] ok (peak 61C) | 38, 0 %, 10.55 W, 1455 MiB
[2026-06-08 19:32:47] ok (peak 61C) | 49, 0 %, 250.34 W, 16159 MiB
[2026-06-08 19:33:48] ok (peak 61C) | 51, 10 %, 122.44 W, 11300 MiB
[2026-06-08 19:34:49] ok (peak 61C) | 56, 23 %, 126.18 W, 8916 MiB
[2026-06-08 19:35:50] ok (peak 61C) | 59, 21 %, 238.43 W, 21716 MiB
[2026-06-08 19:36:51] ok (peak 62C) | 62, 78 %, 287.17 W, 10980 MiB
[2026-06-08 19:37:52] ok (peak 62C) | 62, 19 %, 315.87 W, 14724 MiB
[2026-06-08 19:38:53] ok (peak 62C) | 61, 20 %, 247.48 W, 17196 MiB
[2026-06-08 19:39:54] ok (peak 62C) | 60, 81 %, 192.43 W, 11984 MiB
[2026-06-08 19:40:56] ok (peak 62C) | 60, 4 %, 332.88 W, 17716 MiB
[2026-06-08 19:41:56] ok (peak 62C) | 61, 18 %, 152.70 W, 8596 MiB
[2026-06-08 19:42:58] ok (peak 63C) | 63, 79 %, 289.63 W, 15286 MiB
[2026-06-08 19:43:59] ok (peak 63C) | 61, 4 %, 274.99 W, 18458 MiB
[2026-06-08 19:45:00] ok (peak 70C) | 70, 99 %, 229.34 W, 19460 MiB
[2026-06-08 19:46:01] ok (peak 70C) | 61, 15 %, 194.24 W, 11316 MiB
[2026-06-08 19:47:02] ok (peak 70C) | 60, 14 %, 188.36 W, 5963 MiB
[2026-06-08 19:48:04] ok (peak 70C) | 64, 18 %, 215.78 W, 15357 MiB
[2026-06-08 19:49:05] ok (peak 70C) | 66, 62 %, 159.03 W, 9403 MiB
[2026-06-08 19:50:06] ok (peak 70C) | 58, 0 %, 137.48 W, 8379 MiB
[2026-06-08 19:51:07] ok (peak 70C) | 60, 0 %, 217.78 W, 7790 MiB
[2026-06-08 19:52:08] ok (peak 70C) | 63, 78 %, 252.34 W, 7790 MiB
[2026-06-08 19:53:10] ok (peak 70C) | 64, 81 %, 340.45 W, 6790 MiB
[2026-06-08 19:54:11] ok (peak 70C) | 63, 47 %, 144.60 W, 9246 MiB
[2026-06-08 19:55:12] ok (peak 70C) | 63, 78 %, 331.53 W, 22690 MiB
[2026-06-08 19:56:13] ok (peak 70C) | 63, 80 %, 377.27 W, 23728 MiB
[2026-06-08 19:57:15] ok (peak 70C) | 60, 0 %, 207.43 W, 8598 MiB
[2026-06-08 19:58:16] ok (peak 70C) | 63, 15 %, 320.76 W, 19758 MiB
[2026-06-08 19:59:17] ok (peak 70C) | 63, 79 %, 366.28 W, 15410 MiB
[2026-06-08 20:00:18] ok (peak 70C) | 61, 0 %, 294.91 W, 18010 MiB
[2026-06-08 20:01:20] ok (peak 70C) | 68, 98 %, 312.15 W, 19450 MiB
[2026-06-08 20:02:21] ok (peak 70C) | 60, 0 %, 239.64 W, 17198 MiB
[2026-06-08 20:03:22] ok (peak 70C) | 63, 47 %, 253.98 W, 18812 MiB
[2026-06-08 20:04:24] ok (peak 70C) | 69, 97 %, 283.13 W, 22014 MiB
[2026-06-08 20:05:25] ok (peak 70C) | 61, 0 %, 250.27 W, 17020 MiB
[2026-06-08 20:06:27] ok (peak 70C) | 69, 81 %, 189.18 W, 16616 MiB
[2026-06-08 20:07:28] ok (peak 70C) | 63, 18 %, 162.47 W, 18332 MiB
[2026-06-08 20:08:29] ok (peak 70C) | 64, 82 %, 352.69 W, 23892 MiB
[2026-06-08 20:09:30] ok (peak 70C) | 62, 15 %, 262.73 W, 17142 MiB
[2026-06-08 20:10:32] ok (peak 70C) | 61, 0 %, 268.95 W, 23970 MiB
[2026-06-08 20:11:33] ok (peak 70C) | 61, 14 %, 238.90 W, 6790 MiB
[2026-06-08 20:12:34] ok (peak 70C) | 62, 79 %, 244.48 W, 7668 MiB
[2026-06-08 20:13:36] ok (peak 70C) | 60, 0 %, 240.19 W, 20080 MiB
[2026-06-08 20:14:37] ok (peak 70C) | 61, 16 %, 153.25 W, 9482 MiB
[2026-06-08 20:15:38] ok (peak 70C) | 66, 90 %, 265.06 W, 17468 MiB
[2026-06-08 20:16:39] ok (peak 70C) | 61, 7 %, 254.57 W, 16864 MiB
[2026-06-08 20:17:40] ok (peak 70C) | 70, 95 %, 307.05 W, 17464 MiB
[2026-06-08 20:18:42] ok (peak 70C) | 61, 0 %, 208.54 W, 17196 MiB
[2026-06-08 20:19:43] ok (peak 70C) | 70, 98 %, 275.22 W, 19458 MiB
[2026-06-08 20:20:45] ok (peak 70C) | 61, 25 %, 147.57 W, 9372 MiB
[2026-06-08 20:21:46] ok (peak 70C) | 63, 47 %, 322.52 W, 15056 MiB
[2026-06-08 20:22:47] ok (peak 70C) | 63, 21 %, 259.06 W, 15561 MiB
[2026-06-08 20:23:48] ok (peak 70C) | 59, 0 %, 200.53 W, 15549 MiB
[2026-06-08 20:24:50] ok (peak 70C) | 61, 36 %, 298.52 W, 14507 MiB
[2026-06-08 20:25:51] ok (peak 70C) | 59, 0 %, 278.46 W, 15297 MiB
[2026-06-08 20:26:52] ok (peak 70C) | 61, 24 %, 182.11 W, 11516 MiB
[2026-06-08 20:27:53] ok (peak 70C) | 61, 8 %, 246.38 W, 16320 MiB
[2026-06-08 20:28:54] ok (peak 70C) | 63, 53 %, 370.28 W, 21170 MiB
[2026-06-08 20:29:55] ok (peak 70C) | 63, 78 %, 367.92 W, 19858 MiB
[2026-06-08 20:30:56] ok (peak 70C) | 60, 0 %, 143.93 W, 6920 MiB
[2026-06-08 20:31:57] ok (peak 70C) | 62, 17 %, 312.88 W, 18010 MiB
[2026-06-08 20:32:58] ok (peak 70C) | 61, 0 %, 273.70 W, 17782 MiB
[2026-06-08 20:33:59] ok (peak 70C) | 61, 12 %, 214.50 W, 8178 MiB
[2026-06-08 20:34:59] ok (peak 70C) | 69, 96 %, 207.01 W, 12564 MiB
[2026-06-08 20:36:00] ok (peak 70C) | 60, 34 %, 118.89 W, 8702 MiB
[2026-06-08 20:37:01] ok (peak 70C) | 61, 15 %, 171.79 W, 8142 MiB
[2026-06-08 20:38:02] ok (peak 70C) | 61, 16 %, 183.01 W, 10380 MiB
[2026-06-08 20:39:02] ok (peak 70C) | 60, 6 %, 284.61 W, 17194 MiB
[2026-06-08 20:40:03] ok (peak 70C) | 63, 78 %, 249.54 W, 14092 MiB
[2026-06-08 20:41:04] ok (peak 70C) | 62, 19 %, 308.91 W, 15299 MiB
[2026-06-08 20:42:05] ok (peak 70C) | 57, 0 %, 99.36 W, 13401 MiB
[2026-06-08 20:43:06] ok (peak 70C) | 64, 80 %, 236.07 W, 9436 MiB
[2026-06-08 20:44:06] ok (peak 70C) | 67, 90 %, 249.57 W, 20028 MiB
[2026-06-08 20:45:07] ok (peak 70C) | 60, 7 %, 165.75 W, 9020 MiB
[2026-06-08 20:46:08] ok (peak 70C) | 70, 98 %, 260.03 W, 20360 MiB
[2026-06-08 20:47:09] ok (peak 70C) | 64, 54 %, 221.38 W, 14890 MiB
[2026-06-08 20:48:09] ok (peak 70C) | 67, 96 %, 221.97 W, 11876 MiB
[2026-06-08 20:49:10] ok (peak 70C) | 59, 15 %, 177.90 W, 8126 MiB
[2026-06-08 20:50:11] ok (peak 70C) | 61, 78 %, 259.90 W, 17274 MiB
[2026-06-08 20:51:12] ok (peak 70C) | 62, 88 %, 224.23 W, 14288 MiB
[2026-06-08 20:52:13] ok (peak 70C) | 63, 18 %, 182.25 W, 7620 MiB
[2026-06-08 20:53:13] ok (peak 70C) | 59, 0 %, 171.66 W, 11978 MiB
[2026-06-08 20:54:14] ok (peak 70C) | 59, 0 %, 150.17 W, 14810 MiB
[2026-06-08 20:55:15] ok (peak 70C) | 61, 73 %, 256.83 W, 10758 MiB
[2026-06-08 20:56:16] ok (peak 70C) | 59, 0 %, 139.84 W, 11730 MiB
[2026-06-08 20:57:16] ok (peak 70C) | 61, 14 %, 246.06 W, 10964 MiB
[2026-06-08 20:58:17] ok (peak 70C) | 60, 4 %, 197.16 W, 7690 MiB
[2026-06-08 20:59:18] ok (peak 70C) | 66, 58 %, 237.44 W, 17494 MiB
[2026-06-08 21:00:19] ok (peak 70C) | 60, 12 %, 223.40 W, 7130 MiB
[2026-06-08 21:01:19] ok (peak 70C) | 60, 35 %, 181.32 W, 8138 MiB
[2026-06-08 21:02:20] ok (peak 70C) | 59, 0 %, 118.40 W, 8318 MiB
[2026-06-08 21:03:21] ok (peak 70C) | 60, 48 %, 242.09 W, 7004 MiB
[2026-06-08 21:04:22] ok (peak 70C) | 61, 11 %, 194.05 W, 12462 MiB
[2026-06-08 21:05:22] ok (peak 70C) | 68, 98 %, 259.70 W, 14396 MiB
[2026-06-08 21:06:23] ok (peak 70C) | 63, 86 %, 312.30 W, 17394 MiB
[2026-06-08 21:07:24] ok (peak 70C) | 62, 64 %, 177.52 W, 10572 MiB
[2026-06-08 21:08:25] ok (peak 70C) | 60, 16 %, 189.23 W, 11148 MiB
[2026-06-08 21:09:25] ok (peak 70C) | 60, 49 %, 120.17 W, 9252 MiB
[2026-06-08 21:10:26] ok (peak 70C) | 62, 26 %, 235.81 W, 14220 MiB
[2026-06-08 21:11:27] ok (peak 70C) | 60, 0 %, 273.31 W, 7882 MiB
[2026-06-08 21:12:28] ok (peak 70C) | 62, 27 %, 199.29 W, 12369 MiB
[2026-06-08 21:13:29] ok (peak 70C) | 60, 85 %, 200.50 W, 8263 MiB
[2026-06-08 21:14:29] ok (peak 70C) | 61, 11 %, 208.97 W, 12808 MiB
[2026-06-08 21:15:30] ok (peak 70C) | 60, 0 %, 307.02 W, 15292 MiB
[2026-06-08 21:16:31] ok (peak 70C) | 62, 68 %, 256.81 W, 13424 MiB
[2026-06-08 21:17:32] ok (peak 70C) | 61, 33 %, 200.50 W, 11782 MiB
[2026-06-08 21:18:32] ok (peak 70C) | 61, 28 %, 212.35 W, 13742 MiB
[2026-06-08 21:19:33] ok (peak 70C) | 63, 26 %, 183.04 W, 12172 MiB
[2026-06-08 21:20:34] ok (peak 70C) | 63, 65 %, 174.41 W, 15754 MiB
[2026-06-08 21:21:35] ok (peak 70C) | 61, 18 %, 298.89 W, 15304 MiB
[2026-06-08 21:22:35] ok (peak 70C) | 60, 77 %, 167.93 W, 12256 MiB
[2026-06-08 21:23:36] ok (peak 70C) | 70, 98 %, 284.22 W, 27238 MiB
[2026-06-08 21:24:37] ok (peak 70C) | 62, 23 %, 280.25 W, 15340 MiB
[2026-06-08 21:25:38] ok (peak 70C) | 69, 93 %, 167.36 W, 17296 MiB
[2026-06-08 21:26:38] ok (peak 70C) | 69, 98 %, 301.57 W, 24740 MiB
[2026-06-08 21:27:39] ok (peak 70C) | 59, 0 %, 116.02 W, 9486 MiB
[2026-06-08 21:28:40] ok (peak 71C) | 71, 99 %, 319.70 W, 17214 MiB
[2026-06-08 21:29:41] ok (peak 71C) | 69, 98 %, 295.35 W, 21400 MiB
[2026-06-08 21:30:41] ok (peak 71C) | 61, 17 %, 299.05 W, 23184 MiB
[2026-06-08 21:31:42] ok (peak 71C) | 60, 0 %, 251.59 W, 7674 MiB
[2026-06-08 21:32:43] ok (peak 71C) | 61, 17 %, 220.49 W, 14548 MiB
[2026-06-08 21:33:44] ok (peak 71C) | 68, 53 %, 322.15 W, 20626 MiB
[2026-06-08 21:34:44] ok (peak 71C) | 63, 80 %, 365.94 W, 17760 MiB
[2026-06-08 21:35:45] ok (peak 71C) | 60, 0 %, 178.75 W, 6744 MiB
[2026-06-08 21:36:46] ok (peak 71C) | 63, 81 %, 392.73 W, 15306 MiB
[2026-06-08 21:37:47] ok (peak 71C) | 62, 55 %, 112.11 W, 16158 MiB
[2026-06-08 21:38:47] ok (peak 71C) | 69, 99 %, 203.73 W, 17194 MiB
[2026-06-08 21:39:48] ok (peak 71C) | 60, 0 %, 136.25 W, 15374 MiB
[2026-06-08 21:40:49] ok (peak 71C) | 69, 99 %, 352.27 W, 22192 MiB
[2026-06-08 21:41:50] ok (peak 71C) | 60, 0 %, 258.00 W, 17158 MiB
[2026-06-08 21:42:50] ok (peak 71C) | 64, 19 %, 286.61 W, 16554 MiB
[2026-06-08 21:43:51] ok (peak 71C) | 61, 0 %, 248.16 W, 6864 MiB
[2026-06-08 21:44:52] ok (peak 71C) | 70, 99 %, 244.79 W, 26420 MiB
[2026-06-08 21:45:53] ok (peak 71C) | 63, 77 %, 279.14 W, 14500 MiB
[2026-06-08 21:46:53] ok (peak 71C) | 60, 12 %, 189.45 W, 7610 MiB
[2026-06-08 21:47:54] ok (peak 71C) | 61, 19 %, 203.75 W, 18678 MiB
[2026-06-08 21:48:55] ok (peak 71C) | 60, 15 %, 221.60 W, 15702 MiB
[2026-06-08 21:49:56] ok (peak 71C) | 62, 18 %, 316.23 W, 6754 MiB
[2026-06-08 21:50:56] ok (peak 71C) | 62, 16 %, 268.61 W, 10840 MiB
[2026-06-08 21:51:57] ok (peak 71C) | 65, 79 %, 256.65 W, 14478 MiB
[2026-06-08 21:52:58] ok (peak 71C) | 62, 35 %, 144.66 W, 8560 MiB
[2026-06-08 21:53:59] ok (peak 71C) | 70, 94 %, 351.65 W, 23396 MiB
[2026-06-08 21:55:00] ok (peak 71C) | 62, 33 %, 342.60 W, 16784 MiB
[2026-06-08 21:56:00] ok (peak 71C) | 62, 16 %, 327.30 W, 22490 MiB
[2026-06-08 21:57:01] ok (peak 71C) | 62, 79 %, 382.45 W, 15276 MiB
[2026-06-08 21:58:02] ok (peak 71C) | 61, 36 %, 176.24 W, 9478 MiB
[2026-06-08 21:59:03] ok (peak 71C) | 60, 0 %, 217.56 W, 7388 MiB
[2026-06-08 22:00:03] ok (peak 71C) | 69, 99 %, 247.37 W, 15844 MiB
[2026-06-08 22:01:04] ok (peak 71C) | 61, 0 %, 268.09 W, 18952 MiB
[2026-06-08 22:02:05] ok (peak 71C) | 63, 74 %, 274.20 W, 11164 MiB
[2026-06-08 22:03:06] ok (peak 71C) | 69, 93 %, 180.21 W, 17110 MiB
[2026-06-08 22:04:06] ok (peak 71C) | 61, 19 %, 189.00 W, 11484 MiB
[2026-06-08 22:05:07] ok (peak 71C) | 60, 0 %, 195.52 W, 10194 MiB
[2026-06-08 22:06:08] ok (peak 71C) | 59, 0 %, 157.48 W, 6289 MiB
[2026-06-08 22:07:09] ok (peak 71C) | 70, 99 %, 298.16 W, 21652 MiB
[2026-06-08 22:08:09] ok (peak 71C) | 66, 94 %, 390.33 W, 22034 MiB
[2026-06-08 22:09:10] ok (peak 71C) | 59, 0 %, 181.41 W, 14632 MiB
[2026-06-08 22:10:11] ok (peak 71C) | 68, 95 %, 258.70 W, 20542 MiB
[2026-06-08 22:11:12] ok (peak 71C) | 59, 0 %, 101.14 W, 16464 MiB
[2026-06-08 22:12:12] ok (peak 71C) | 60, 6 %, 136.50 W, 8130 MiB
[2026-06-08 22:13:13] ok (peak 71C) | 60, 0 %, 259.27 W, 16236 MiB
[2026-06-08 22:14:14] ok (peak 71C) | 62, 18 %, 249.39 W, 6742 MiB
[2026-06-08 22:15:15] ok (peak 71C) | 62, 62 %, 362.55 W, 18338 MiB
[2026-06-08 22:16:15] ok (peak 71C) | 60, 0 %, 172.18 W, 8628 MiB
[2026-06-08 22:17:16] ok (peak 71C) | 60, 0 %, 145.63 W, 10056 MiB
[2026-06-08 22:18:18] ok (peak 71C) | 61, 0 %, 241.19 W, 17186 MiB
[2026-06-08 22:19:19] ok (peak 71C) | 68, 57 %, 196.73 W, 19200 MiB
[2026-06-08 22:20:20] ok (peak 71C) | 61, 18 %, 299.65 W, 19484 MiB
[2026-06-08 22:21:21] ok (peak 71C) | 61, 2 %, 286.01 W, 20550 MiB
[2026-06-08 22:22:22] ok (peak 71C) | 61, 69 %, 215.47 W, 11636 MiB
[2026-06-08 22:23:22] ok (peak 71C) | 60, 7 %, 226.10 W, 7677 MiB
[2026-06-08 22:24:23] ok (peak 71C) | 58, 0 %, 122.31 W, 14477 MiB
[2026-06-08 22:25:24] ok (peak 71C) | 59, 11 %, 186.38 W, 5085 MiB
[2026-06-08 22:26:25] ok (peak 71C) | 59, 12 %, 164.71 W, 9612 MiB
[2026-06-08 22:27:26] ok (peak 71C) | 68, 100 %, 146.19 W, 17172 MiB
[2026-06-08 22:28:26] ok (peak 71C) | 62, 63 %, 331.61 W, 17164 MiB
[2026-06-08 22:29:27] ok (peak 71C) | 61, 28 %, 203.37 W, 14086 MiB
[2026-06-08 22:30:28] ok (peak 71C) | 61, 0 %, 179.01 W, 7518 MiB
[2026-06-08 22:31:29] ok (peak 71C) | 69, 98 %, 288.62 W, 23794 MiB
[2026-06-08 22:32:29] ok (peak 71C) | 59, 0 %, 144.43 W, 9410 MiB
[2026-06-08 22:33:30] ok (peak 71C) | 63, 43 %, 366.47 W, 23654 MiB
[2026-06-08 22:34:31] ok (peak 71C) | 61, 0 %, 306.53 W, 16544 MiB
[2026-06-08 22:35:32] ok (peak 71C) | 65, 16 %, 299.84 W, 18900 MiB
[2026-06-08 22:36:33] ok (peak 71C) | 62, 30 %, 253.35 W, 18122 MiB
[2026-06-08 22:37:33] ok (peak 71C) | 60, 0 %, 224.21 W, 21840 MiB
[2026-06-08 22:38:34] ok (peak 71C) | 60, 0 %, 141.92 W, 8392 MiB
[2026-06-08 22:39:35] ok (peak 71C) | 70, 99 %, 273.88 W, 18972 MiB
[2026-06-08 22:40:36] ok (peak 71C) | 60, 0 %, 163.57 W, 7520 MiB
[2026-06-08 22:41:36] ok (peak 71C) | 60, 7 %, 125.60 W, 9274 MiB
[2026-06-08 22:42:37] ok (peak 71C) | 60, 0 %, 163.53 W, 18734 MiB
[2026-06-08 22:43:38] ok (peak 71C) | 63, 81 %, 372.33 W, 23906 MiB
[2026-06-08 22:44:39] ok (peak 71C) | 60, 0 %, 161.45 W, 9498 MiB
[2026-06-08 22:45:39] ok (peak 71C) | 68, 52 %, 181.68 W, 10842 MiB
[2026-06-08 22:46:40] ok (peak 71C) | 62, 78 %, 236.35 W, 14530 MiB
[2026-06-08 22:47:41] ok (peak 71C) | 64, 20 %, 330.93 W, 19500 MiB
[2026-06-08 22:48:42] ok (peak 71C) | 62, 67 %, 348.12 W, 17076 MiB
[2026-06-08 22:49:42] ok (peak 71C) | 63, 78 %, 296.51 W, 18994 MiB
[2026-06-08 22:50:43] ok (peak 71C) | 60, 18 %, 160.39 W, 8384 MiB
[2026-06-08 22:51:44] ok (peak 71C) | 61, 15 %, 219.92 W, 6800 MiB
[2026-06-08 22:52:45] ok (peak 71C) | 63, 78 %, 275.55 W, 20366 MiB
[2026-06-08 22:53:46] ok (peak 71C) | 61, 23 %, 149.68 W, 11962 MiB
[2026-06-08 22:54:46] ok (peak 71C) | 60, 1 %, 162.84 W, 7510 MiB
[2026-06-08 22:55:47] ok (peak 71C) | 62, 92 %, 288.29 W, 20300 MiB
[2026-06-08 22:56:48] ok (peak 71C) | 67, 99 %, 243.53 W, 14546 MiB
[2026-06-08 22:57:49] ok (peak 71C) | 61, 0 %, 195.02 W, 7354 MiB
[2026-06-08 22:58:49] ok (peak 71C) | 61, 7 %, 119.02 W, 7578 MiB
[2026-06-08 22:59:50] ok (peak 71C) | 61, 35 %, 267.39 W, 18824 MiB
[2026-06-08 23:00:51] ok (peak 71C) | 60, 11 %, 170.19 W, 11734 MiB
[2026-06-08 23:01:52] ok (peak 71C) | 67, 37 %, 209.40 W, 17176 MiB
[2026-06-08 23:02:53] ok (peak 71C) | 61, 49 %, 352.31 W, 15320 MiB
[2026-06-08 23:03:53] ok (peak 71C) | 68, 98 %, 302.92 W, 20602 MiB
[2026-06-08 23:04:54] ok (peak 71C) | 60, 4 %, 149.95 W, 9130 MiB
[2026-06-08 23:05:55] ok (peak 71C) | 65, 81 %, 182.03 W, 14294 MiB
[2026-06-08 23:06:56] ok (peak 71C) | 59, 0 %, 162.76 W, 5675 MiB
[2026-06-08 23:07:56] ok (peak 71C) | 62, 67 %, 315.48 W, 19302 MiB
[2026-06-08 23:08:57] ok (peak 71C) | 61, 0 %, 170.05 W, 8260 MiB
[2026-06-08 23:09:58] ok (peak 71C) | 63, 16 %, 354.82 W, 21526 MiB
[2026-06-08 23:10:59] ok (peak 71C) | 69, 98 %, 216.09 W, 12048 MiB
[2026-06-08 23:11:59] ok (peak 71C) | 61, 0 %, 284.58 W, 16950 MiB
[2026-06-08 23:13:00] ok (peak 71C) | 68, 99 %, 241.70 W, 22754 MiB
[2026-06-08 23:14:01] ok (peak 71C) | 64, 35 %, 320.18 W, 7668 MiB
[2026-06-08 23:15:02] ok (peak 71C) | 61, 0 %, 167.68 W, 11258 MiB
[2026-06-08 23:16:02] ok (peak 71C) | 69, 98 %, 309.08 W, 15878 MiB
[2026-06-08 23:17:03] ok (peak 71C) | 62, 20 %, 299.51 W, 10630 MiB
[2026-06-08 23:18:04] ok (peak 71C) | 59, 0 %, 183.04 W, 18374 MiB
[2026-06-08 23:19:05] ok (peak 71C) | 58, 0 %, 111.29 W, 8870 MiB
[2026-06-08 23:20:05] ok (peak 71C) | 61, 79 %, 209.77 W, 6732 MiB
[2026-06-08 23:21:06] ok (peak 71C) | 58, 0 %, 140.61 W, 7268 MiB
[2026-06-08 23:22:07] ok (peak 71C) | 61, 37 %, 273.98 W, 7806 MiB
[2026-06-08 23:23:08] ok (peak 71C) | 59, 0 %, 197.91 W, 6738 MiB
[2026-06-08 23:24:08] ok (peak 71C) | 60, 19 %, 205.21 W, 10554 MiB
[2026-06-08 23:25:09] ok (peak 71C) | 59, 2 %, 251.46 W, 7750 MiB
[2026-06-08 23:26:10] ok (peak 71C) | 60, 17 %, 215.65 W, 11176 MiB
[2026-06-08 23:27:11] ok (peak 71C) | 59, 36 %, 168.07 W, 8855 MiB
