[2026-06-09 20:50 PT] PARSE-ALL | === run_parse_all.py start: 195 volumes === | OK
[2026-06-09 20:50 PT] PARSE-ALL | 1850 [1/195] (REPARSE -- overwriting existing) | RAM=1615 MB | OK
[2026-06-09 20:50 PT] PARSE-ALL | 1850: confident=97 flagged=10 | OK
[2026-06-09 20:50 PT] PARSE-ALL | 1851 [2/195] (REPARSE -- overwriting existing) | RAM=1601 MB | OK
[2026-06-09 20:50 PT] PARSE-ALL | 1851: EXCEPTION: [Errno 22] Invalid argument | FAIL
[2026-06-09 20:51 PT] PARSE-ALL | === run_parse_all.py start: 195 volumes === | OK
[2026-06-09 20:51 PT] PARSE-ALL | 1850 [1/195] (REPARSE -- overwriting existing) | RAM=1686 MB | OK
[2026-06-09 20:51 PT] PARSE-ALL | 1850: confident=97 flagged=10 | OK
[2026-06-09 20:51 PT] PARSE-ALL | 1851 [2/195] (REPARSE -- overwriting existing) | RAM=1679 MB | OK
[2026-06-09 20:51 PT] PARSE-ALL | 1851: confident=107 flagged=11 | OK
[2026-06-09 20:51 PT] PARSE-ALL | 1852 [3/195] (REPARSE -- overwriting existing) | RAM=1781 MB | OK
[2026-06-09 20:51 PT] PARSE-ALL | 1852: confident=114 flagged=21 | OK
[2026-06-09 20:51 PT] PARSE-ALL | 1853 [4/195] (REPARSE -- overwriting existing) | RAM=1780 MB | OK
[2026-06-09 20:51 PT] PARSE-ALL | 1853: confident=91 flagged=55 | OK
[2026-06-09 20:51 PT] PARSE-ALL | 1854 [5/195] (REPARSE -- overwriting existing) | RAM=1780 MB | OK
[2026-06-09 20:51 PT] PARSE-ALL | 1854: confident=80 flagged=7 | OK
[2026-06-09 20:51 PT] PARSE-ALL | 1855 [6/195] (REPARSE -- overwriting existing) | RAM=1780 MB | OK
[2026-06-09 20:51 PT] PARSE-ALL | 1855: confident=168 flagged=19 | OK
[2026-06-09 20:51 PT] PARSE-ALL | 1856 [7/195] (REPARSE -- overwriting existing) | RAM=1773 MB | OK
[2026-06-09 20:51 PT] PARSE-ALL | 1856: confident=106 flagged=20 | OK
[2026-06-09 20:51 PT] PARSE-ALL | 1857 [8/195] (REPARSE -- overwriting existing) | RAM=1777 MB | OK
[2026-06-09 20:51 PT] PARSE-ALL | 1857: confident=224 flagged=11 | OK
[2026-06-09 20:51 PT] PARSE-ALL | 1858 [9/195] (REPARSE -- overwriting existing) | RAM=1772 MB | OK
[2026-06-09 20:51 PT] PARSE-ALL | 1858: confident=223 flagged=21 | OK
[2026-06-09 20:51 PT] PARSE-ALL | 1859 [10/195] (REPARSE -- overwriting existing) | RAM=1790 MB | OK
[2026-06-09 20:51 PT] PARSE-ALL | 1859: confident=188 flagged=11 | OK
[2026-06-09 20:51 PT] PARSE-ALL | 1860 [11/195] (REPARSE -- overwriting existing) | RAM=1781 MB | OK
[2026-06-09 20:51 PT] PARSE-ALL | 1860: confident=122 flagged=45 | OK
[2026-06-09 20:51 PT] PARSE-ALL | 1861 [12/195] (REPARSE -- overwriting existing) | RAM=1744 MB | OK
[2026-06-09 20:51 PT] PARSE-ALL | 1861: confident=253 flagged=5 | OK
[2026-06-09 20:51 PT] PARSE-ALL | 1862 [13/195] (REPARSE -- overwriting existing) | RAM=1826 MB | OK
[2026-06-09 20:51 PT] PARSE-ALL | 1862: confident=115 flagged=7 | OK
[2026-06-09 20:51 PT] PARSE-ALL | 1863 [14/195] (REPARSE -- overwriting existing) | RAM=1834 MB | OK
[2026-06-09 20:51 PT] PARSE-ALL | 1863: confident=157 flagged=11 | OK
[2026-06-09 20:51 PT] PARSE-ALL | 1863-64 [15/195] (REPARSE -- overwriting existing) | RAM=1828 MB | OK
[2026-06-09 20:51 PT] PARSE-ALL | 1863-64: confident=238 flagged=4 | OK
[2026-06-09 20:51 PT] PARSE-ALL | 1865-66 [16/195] (REPARSE -- overwriting existing) | RAM=1835 MB | OK
[2026-06-09 20:51 PT] PARSE-ALL | 1865-66: confident=301 flagged=14 | OK
[2026-06-09 20:51 PT] PARSE-ALL | 1867-68 [17/195] (REPARSE -- overwriting existing) | RAM=1844 MB | OK
[2026-06-09 20:51 PT] PARSE-ALL | 1867-68: confident=383 flagged=25 | OK
[2026-06-09 20:51 PT] PARSE-ALL | 1869-70 [18/195] (REPARSE -- overwriting existing) | RAM=1851 MB | OK
[2026-06-09 20:51 PT] PARSE-ALL | 1869-70: confident=248 flagged=48 | OK
[2026-06-09 20:51 PT] PARSE-ALL | 1871-72 [19/195] (REPARSE -- overwriting existing) | RAM=1842 MB | OK
[2026-06-09 20:51 PT] PARSE-ALL | 1871-72: confident=372 flagged=27 | OK
[2026-06-09 20:51 PT] PARSE-ALL | 1873-74 [20/195] (REPARSE -- overwriting existing) | RAM=1841 MB | OK
[2026-06-09 20:51 PT] PARSE-ALL | 1873-74: confident=325 flagged=15 | OK
[2026-06-09 20:51 PT] PARSE-ALL | 1875-76 [21/195] (REPARSE -- overwriting existing) | RAM=1849 MB | OK
[2026-06-09 20:51 PT] PARSE-ALL | 1875-76: confident=285 flagged=18 | OK
[2026-06-09 20:51 PT] PARSE-ALL | 1877-78 [22/195] | RAM=1833 MB | OK
[2026-06-09 20:51 PT] PARSE-ALL | 1877-78: confident=318 flagged=10 | OK
[2026-06-09 20:51 PT] PARSE-ALL | 1880 [23/195] | RAM=1832 MB | OK
[2026-06-09 20:51 PT] PARSE-ALL | 1880: confident=92 flagged=17 | OK
[2026-06-09 20:51 PT] PARSE-ALL | 1881 [24/195] | RAM=1828 MB | OK
[2026-06-09 20:51 PT] PARSE-ALL | 1881: confident=59 flagged=2 | OK
[2026-06-09 20:51 PT] PARSE-ALL | 1883-84 [25/195] | RAM=1827 MB | OK
[2026-06-09 20:51 PT] PARSE-ALL | 1883-84: confident=2 flagged=0 | OK
[2026-06-09 20:51 PT] PARSE-ALL | 1883-84-regular [26/195] | RAM=1829 MB | OK
[2026-06-09 20:51 PT] PARSE-ALL | 1883-84-regular: confident=73 flagged=7 | OK
[2026-06-09 20:51 PT] PARSE-ALL | 1885-86 [27/195] | RAM=1836 MB | OK
[2026-06-09 20:51 PT] PARSE-ALL | 1885-86: confident=113 flagged=17 | OK
[2026-06-09 20:51 PT] PARSE-ALL | 1887 [28/195] | RAM=1830 MB | OK
[2026-06-09 20:51 PT] PARSE-ALL | 1887: confident=156 flagged=3 | OK
[2026-06-09 20:51 PT] PARSE-ALL | 1889 [29/195] | RAM=1821 MB | OK
[2026-06-09 20:51 PT] PARSE-ALL | 1889: confident=217 flagged=4 | OK
[2026-06-09 20:51 PT] PARSE-ALL | 1891 [30/195] | RAM=1832 MB | OK
[2026-06-09 20:51 PT] PARSE-ALL | 1891: confident=203 flagged=38 | OK
[2026-06-09 20:51 PT] PARSE-ALL | 1893 [31/195] | RAM=1812 MB | OK
[2026-06-09 20:51 PT] PARSE-ALL | 1893: confident=209 flagged=7 | OK
[2026-06-09 20:51 PT] PARSE-ALL | 1895 [32/195] | RAM=1832 MB | OK
[2026-06-09 20:51 PT] PARSE-ALL | 1895: confident=202 flagged=7 | OK
[2026-06-09 20:51 PT] PARSE-ALL | 1897 [33/195] | RAM=1824 MB | OK
[2026-06-09 20:51 PT] PARSE-ALL | 1897: confident=231 flagged=24 | OK
[2026-06-09 20:51 PT] PARSE-ALL | 1899 [34/195] | RAM=1822 MB | OK
[2026-06-09 20:51 PT] PARSE-ALL | 1899: confident=172 flagged=20 | OK
[2026-06-09 20:51 PT] PARSE-ALL | 1900-01 [35/195] | RAM=1823 MB | OK
[2026-06-09 20:51 PT] PARSE-ALL | 1900-01: confident=223 flagged=7 | OK
[2026-06-09 20:51 PT] PARSE-ALL | 1903 [36/195] | RAM=1818 MB | OK
[2026-06-09 20:51 PT] PARSE-ALL | 1903: confident=296 flagged=15 | OK
[2026-06-09 20:51 PT] PARSE-ALL | 1905 [37/195] | RAM=1816 MB | OK
[2026-06-09 20:51 PT] PARSE-ALL | 1905: confident=485 flagged=7 | OK
[2026-06-09 20:51 PT] PARSE-ALL | 1906-07 [38/195] | RAM=1815 MB | OK
[2026-06-09 20:51 PT] PARSE-ALL | 1906-07: confident=459 flagged=9 | OK
[2026-06-09 20:51 PT] PARSE-ALL | 1907-09 [39/195] | RAM=1816 MB | OK
[2026-06-09 20:51 PT] PARSE-ALL | 1907-09: confident=382 flagged=135 | OK
[2026-06-09 20:51 PT] PARSE-ALL | 1910-11 [40/195] | RAM=1814 MB | OK
[2026-06-09 20:51 PT] PARSE-ALL | 1910-11: confident=321 flagged=62 | OK
[2026-06-09 20:51 PT] PARSE-ALL | 1913-statutes [41/195] | RAM=1796 MB | OK
[2026-06-09 20:51 PT] PARSE-ALL | 1913-statutes: confident=357 flagged=117 | OK
[2026-06-09 20:51 PT] PARSE-ALL | 1915-vol1-chapters [42/195] | RAM=1793 MB | OK
[2026-06-09 20:51 PT] PARSE-ALL | 1915-vol1-chapters: confident=222 flagged=37 | OK
[2026-06-09 20:51 PT] PARSE-ALL | 1917-vol1-chapters [43/195] | RAM=1795 MB | OK
[2026-06-09 20:51 PT] PARSE-ALL | 1917-vol1-chapters: confident=530 flagged=118 | OK
[2026-06-09 20:51 PT] PARSE-ALL | 1919-vol1-chapters [44/195] | RAM=1781 MB | OK
[2026-06-09 20:51 PT] PARSE-ALL | 1919-vol1-chapters: confident=311 flagged=89 | OK
[2026-06-09 20:51 PT] PARSE-ALL | 1921-vol1-chapters [45/195] | RAM=1766 MB | OK
[2026-06-09 20:51 PT] PARSE-ALL | 1921-vol1-chapters: confident=486 flagged=165 | OK
[2026-06-09 20:51 PT] PARSE-ALL | 1923-vol1-chapters [46/195] | RAM=1756 MB | OK
[2026-06-09 20:51 PT] PARSE-ALL | 1923-vol1-chapters: confident=257 flagged=106 | OK
[2026-06-09 20:51 PT] PARSE-ALL | 1925-vol1-chapters [47/195] | RAM=1747 MB | OK
[2026-06-09 20:51 PT] PARSE-ALL | 1925-vol1-chapters: confident=344 flagged=57 | OK
[2026-06-09 20:51 PT] PARSE-ALL | 1927-vol1-26chapters [48/195] | RAM=1747 MB | OK
[2026-06-09 20:51 PT] PARSE-ALL | 1927-vol1-26chapters: confident=0 flagged=0 | OK
[2026-06-09 20:51 PT] PARSE-ALL | 1927-vol1-chapters [49/195] | RAM=1758 MB | OK
[2026-06-09 20:51 PT] PARSE-ALL | 1927-vol1-chapters: confident=709 flagged=66 | OK
[2026-06-09 20:51 PT] PARSE-ALL | 1929-vol1-28chapters [50/195] | RAM=1716 MB | OK
[2026-06-09 20:51 PT] PARSE-ALL | 1929-vol1-28chapters: confident=0 flagged=0 | OK
[2026-06-09 20:51 PT] PARSE-ALL | 1929-vol1-29chapters [51/195] | RAM=1730 MB | OK
[2026-06-09 20:51 PT] PARSE-ALL | 1929-vol1-29chapters: confident=566 flagged=67 | OK
[2026-06-09 20:51 PT] PARSE-ALL | 1931-vol1-chapters [52/195] | RAM=1717 MB | OK
[2026-06-09 20:51 PT] PARSE-ALL | 1931-vol1-chapters: confident=634 flagged=255 | OK
[2026-06-09 20:51 PT] PARSE-ALL | 1933-vol1-chapters [53/195] | RAM=1700 MB | OK
[2026-06-09 20:51 PT] PARSE-ALL | 1933-vol1-chapters: confident=554 flagged=153 | OK
[2026-06-09 20:51 PT] PARSE-ALL | 1935-vol1-34chapters [54/195] | RAM=1701 MB | OK
[2026-06-09 20:51 PT] PARSE-ALL | 1935-vol1-34chapters: confident=6 flagged=4 | OK
[2026-06-09 20:51 PT] PARSE-ALL | 1935-vol1-chapters [55/195] | RAM=1710 MB | OK
[2026-06-09 20:51 PT] PARSE-ALL | 1935-vol1-chapters: confident=581 flagged=120 | OK
[2026-06-09 20:51 PT] PARSE-ALL | 1937-vol1-chapters [56/195] | RAM=1721 MB | OK
[2026-06-09 20:51 PT] PARSE-ALL | 1937-vol1-chapters: confident=641 flagged=94 | OK
[2026-06-09 20:51 PT] PARSE-ALL | 1938-vol1-chapters [57/195] | RAM=1728 MB | OK
[2026-06-09 20:51 PT] PARSE-ALL | 1938-vol1-chapters: confident=23 flagged=3 | OK
[2026-06-09 20:51 PT] PARSE-ALL | 1939-vol1-chapters [58/195] | RAM=1746 MB | OK
[2026-06-09 20:51 PT] PARSE-ALL | 1939-vol1-chapters: confident=592 flagged=248 | OK
[2026-06-09 20:51 PT] PARSE-ALL | 1941-vol1-41chapters [59/195] | RAM=1695 MB | OK
[2026-06-09 20:51 PT] PARSE-ALL | 1941-vol1-41chapters: confident=643 flagged=127 | OK
[2026-06-09 20:51 PT] PARSE-ALL | 1943-vol1-42chapters [60/195] | RAM=1699 MB | OK
[2026-06-09 20:51 PT] PARSE-ALL | 1943-vol1-42chapters: confident=17 flagged=0 | OK
[2026-06-09 20:51 PT] PARSE-ALL | 1943-vol1-chapters [61/195] | RAM=1704 MB | OK
[2026-06-09 20:51 PT] PARSE-ALL | 1943-vol1-chapters: confident=631 flagged=119 | OK
[2026-06-09 20:51 PT] PARSE-ALL | 1945-vol1-chapters [62/195] | RAM=1692 MB | OK
[2026-06-09 20:51 PT] PARSE-ALL | 1945-vol1-chapters: confident=828 flagged=376 | OK
[2026-06-09 20:51 PT] PARSE-ALL | 1947-vol1-46chapters [63/195] | RAM=1694 MB | OK
[2026-06-09 20:51 PT] PARSE-ALL | 1947-vol1-46chapters: confident=122 flagged=23 | OK
[2026-06-09 20:51 PT] PARSE-ALL | 1947-vol1-chapters [64/195] | RAM=1695 MB | OK
[2026-06-09 20:51 PT] PARSE-ALL | 1947-vol1-chapters: confident=947 flagged=475 | OK
[2026-06-09 20:51 PT] PARSE-ALL | 1948-vol1-chapters [65/195] | RAM=1698 MB | OK
[2026-06-09 20:51 PT] PARSE-ALL | 1948-vol1-chapters: confident=24 flagged=10 | OK
[2026-06-09 20:51 PT] PARSE-ALL | 1949-vol1-49chapters-prior [66/195] | RAM=1711 MB | OK
[2026-06-09 20:51 PT] PARSE-ALL | 1949-vol1-49chapters-prior: confident=9 flagged=1 | OK
[2026-06-09 20:51 PT] PARSE-ALL | 1949-vol1-chapters [67/195] | RAM=1742 MB | OK
[2026-06-09 20:51 PT] PARSE-ALL | 1949-vol1-chapters: confident=1006 flagged=187 | OK
[2026-06-09 20:51 PT] PARSE-ALL | 1950-vol1-chapters [68/195] | RAM=1683 MB | OK
[2026-06-09 20:51 PT] PARSE-ALL | 1950-vol1-chapters: confident=40 flagged=34 | OK
[2026-06-09 20:51 PT] PARSE-ALL | 1951-vol1-50chapters [69/195] | RAM=1691 MB | OK
[2026-06-09 20:51 PT] PARSE-ALL | 1951-vol1-50chapters: confident=24 flagged=8 | OK
[2026-06-09 20:51 PT] PARSE-ALL | 1951-vol1-chapters [70/195] | RAM=1692 MB | OK
[2026-06-09 20:51 PT] PARSE-ALL | 1951-vol1-chapters: confident=637 flagged=108 | OK
[2026-06-09 20:51 PT] PARSE-ALL | 1951-vol2-chapters [71/195] | RAM=1688 MB | OK
[2026-06-09 20:51 PT] PARSE-ALL | 1951-vol2-chapters: confident=460 flagged=126 | OK
[2026-06-09 20:51 PT] PARSE-ALL | 1953-vol1-52chapters [72/195] | RAM=1787 MB | OK
[2026-06-09 20:51 PT] PARSE-ALL | 1953-vol1-52chapters: confident=60 flagged=14 | OK
[2026-06-09 20:51 PT] PARSE-ALL | 1953-vol1-chapters [73/195] | RAM=1787 MB | OK
[2026-06-09 20:51 PT] PARSE-ALL | 1953-vol1-chapters: confident=618 flagged=337 | OK
[2026-06-09 20:51 PT] PARSE-ALL | 1953-vol2-chapters [74/195] | RAM=1805 MB | OK
[2026-06-09 20:51 PT] PARSE-ALL | 1953-vol2-chapters: confident=354 flagged=398 | OK
[2026-06-09 20:51 PT] PARSE-ALL | 1955-vol1-54chapters [75/195] | RAM=1811 MB | OK
[2026-06-09 20:51 PT] PARSE-ALL | 1955-vol1-54chapters: confident=48 flagged=12 | OK
[2026-06-09 20:51 PT] PARSE-ALL | 1955-vol1-55chapters [76/195] | RAM=1809 MB | OK
[2026-06-09 20:51 PT] PARSE-ALL | 1955-vol1-55chapters: confident=757 flagged=110 | OK
[2026-06-09 20:51 PT] PARSE-ALL | 1955-vol2-chapters [77/195] | RAM=1810 MB | OK
[2026-06-09 20:51 PT] PARSE-ALL | 1955-vol2-chapters: confident=565 flagged=69 | OK
[2026-06-09 20:51 PT] PARSE-ALL | 1957-vol1-56chapters [78/195] | RAM=1827 MB | OK
[2026-06-09 20:51 PT] PARSE-ALL | 1957-vol1-56chapters: confident=46 flagged=16 | OK
[2026-06-09 20:51 PT] PARSE-ALL | 1957-vol1-57chapters [79/195] | RAM=1835 MB | OK
[2026-06-09 20:51 PT] PARSE-ALL | 1957-vol1-57chapters: confident=928 flagged=119 | OK
[2026-06-09 20:51 PT] PARSE-ALL | 1957-vol2-57chapters [80/195] | RAM=1795 MB | OK
[2026-06-09 20:51 PT] PARSE-ALL | 1957-vol2-57chapters: confident=752 flagged=191 | OK
[2026-06-09 20:51 PT] PARSE-ALL | 1959-vol1-58chapters [81/195] | RAM=1790 MB | OK
[2026-06-09 20:51 PT] PARSE-ALL | 1959-vol1-58chapters: confident=87 flagged=13 | OK
[2026-06-09 20:51 PT] PARSE-ALL | 1959-vol1-59chapters [82/195] | RAM=1802 MB | OK
[2026-06-09 20:51 PT] PARSE-ALL | 1959-vol1-59chapters: confident=678 flagged=168 | OK
[2026-06-09 20:51 PT] PARSE-ALL | 1959-vol2-chapters [83/195] | RAM=1821 MB | OK
[2026-06-09 20:51 PT] PARSE-ALL | 1959-vol2-chapters: confident=778 flagged=168 | OK
[2026-06-09 20:51 PT] PARSE-ALL | 1961-vol1-60chapters [84/195] | RAM=1848 MB | OK
[2026-06-09 20:51 PT] PARSE-ALL | 1961-vol1-60chapters: confident=63 flagged=14 | OK
[2026-06-09 20:51 PT] PARSE-ALL | 1961-vol1-61chapters [85/195] | RAM=1860 MB | OK
[2026-06-09 20:51 PT] PARSE-ALL | 1961-vol1-61chapters: confident=761 flagged=113 | OK
[2026-06-09 20:51 PT] PARSE-ALL | 1961-vol2-chapters [86/195] | RAM=1875 MB | OK
[2026-06-09 20:51 PT] PARSE-ALL | 1961-vol2-chapters: confident=736 flagged=137 | OK
[2026-06-09 20:51 PT] PARSE-ALL | 1963-vol1-62chapters [87/195] | RAM=1873 MB | OK
[2026-06-09 20:51 PT] PARSE-ALL | 1963-vol1-62chapters: confident=76 flagged=1 | OK
[2026-06-09 20:51 PT] PARSE-ALL | 1963-vol1-63chapters [88/195] | RAM=1886 MB | OK
[2026-06-09 20:51 PT] PARSE-ALL | 1963-vol1-63chapters: confident=950 flagged=25 | OK
[2026-06-09 20:51 PT] PARSE-ALL | 1963-vol2-chapters [89/195] | RAM=1873 MB | OK
[2026-06-09 20:51 PT] PARSE-ALL | 1963-vol2-chapters: confident=1021 flagged=31 | OK
[2026-06-09 20:51 PT] PARSE-ALL | 1965-vol1-65chapters [90/195] | RAM=1877 MB | OK
[2026-06-09 20:51 PT] PARSE-ALL | 1965-vol1-65chapters: confident=461 flagged=13 | OK
[2026-06-09 20:51 PT] PARSE-ALL | 1965-vol2 [91/195] | RAM=1889 MB | OK
[2026-06-09 20:51 PT] PARSE-ALL | 1965-vol2: confident=1033 flagged=42 | OK
[2026-06-09 20:51 PT] PARSE-ALL | 1965-vol3-chapters [92/195] | RAM=1881 MB | OK
[2026-06-09 20:51 PT] PARSE-ALL | 1965-vol3-chapters: confident=353 flagged=12 | OK
[2026-06-09 20:51 PT] PARSE-ALL | 1966-vol1-chapters [93/195] | RAM=1894 MB | OK
[2026-06-09 20:51 PT] PARSE-ALL | 1966-vol1-chapters: confident=7 flagged=0 | OK
[2026-06-09 20:51 PT] PARSE-ALL | 1967-vol1-chapters [94/195] | RAM=1951 MB | OK
[2026-06-09 20:51 PT] PARSE-ALL | 1967-vol1-chapters: confident=451 flagged=34 | OK
[2026-06-09 20:51 PT] PARSE-ALL | 1967-vol2 [95/195] | RAM=1957 MB | OK
[2026-06-09 20:51 PT] PARSE-ALL | 1967-vol2: confident=894 flagged=93 | OK
[2026-06-09 20:51 PT] PARSE-ALL | 1967-vol3-chapters [96/195] | RAM=1935 MB | OK
[2026-06-09 20:51 PT] PARSE-ALL | 1967-vol3-chapters: confident=83 flagged=12 | OK
[2026-06-09 20:51 PT] PARSE-ALL | 1968-vol1-chapters [97/195] | RAM=1938 MB | OK
[2026-06-09 20:51 PT] PARSE-ALL | 1968-vol1-chapters: confident=824 flagged=33 | OK
[2026-06-09 20:51 PT] PARSE-ALL | 1968-vol2-chapters [98/195] | RAM=1936 MB | OK
[2026-06-09 20:51 PT] PARSE-ALL | 1968-vol2-chapters: confident=383 flagged=25 | OK
[2026-06-09 20:51 PT] PARSE-ALL | 1969-vol1-chapters [99/195] | RAM=1941 MB | OK
[2026-06-09 20:51 PT] PARSE-ALL | 1969-vol1-chapters: confident=958 flagged=26 | OK
[2026-06-09 20:51 PT] PARSE-ALL | 1969-vol2-chapters [100/195] | RAM=1934 MB | OK
[2026-06-09 20:51 PT] PARSE-ALL | 1969-vol2-chapters: confident=402 flagged=1 | OK
[2026-06-09 20:51 PT] PARSE-ALL | 1970-vol1-chapters [101/195] | RAM=1929 MB | OK
[2026-06-09 20:51 PT] PARSE-ALL | 1970-vol1-chapters: confident=891 flagged=58 | OK
[2026-06-09 20:51 PT] PARSE-ALL | 1970-vol2-chapters [102/195] | RAM=1935 MB | OK
[2026-06-09 20:51 PT] PARSE-ALL | 1970-vol2-chapters: confident=398 flagged=49 | OK
[2026-06-09 20:51 PT] PARSE-ALL | 1971-vol1-chapters [103/195] | RAM=1933 MB | OK
[2026-06-09 20:51 PT] PARSE-ALL | 1971-vol1-chapters: confident=999 flagged=26 | OK
[2026-06-09 20:51 PT] PARSE-ALL | 1971-vol2 [104/195] | RAM=1916 MB | OK
[2026-06-09 20:51 PT] PARSE-ALL | 1971-vol2: confident=339 flagged=2 | OK
[2026-06-09 20:51 PT] PARSE-ALL | 1972-vol1-chapters [105/195] | RAM=1937 MB | OK
[2026-06-09 20:51 PT] PARSE-ALL | 1972-vol1-chapters: confident=1188 flagged=48 | OK
[2026-06-09 20:51 PT] PARSE-ALL | 1972-vol2-chapters [106/195] | RAM=1931 MB | OK
[2026-06-09 20:51 PT] PARSE-ALL | 1972-vol2-chapters: confident=145 flagged=0 | OK
[2026-06-09 20:51 PT] PARSE-ALL | 1973-vol1-chapters [107/195] | RAM=1940 MB | OK
[2026-06-09 20:51 PT] PARSE-ALL | 1973-vol1-chapters: confident=1035 flagged=8 | OK
[2026-06-09 20:51 PT] PARSE-ALL | 1973-vol2-chapters [108/195] | RAM=1940 MB | OK
[2026-06-09 20:51 PT] PARSE-ALL | 1973-vol2-chapters: confident=73 flagged=0 | OK
[2026-06-09 20:51 PT] PARSE-ALL | 1974-vol1-chapters [109/195] | RAM=1939 MB | OK
[2026-06-09 20:51 PT] PARSE-ALL | 1974-vol1-chapters: confident=980 flagged=11 | OK
[2026-06-09 20:51 PT] PARSE-ALL | 1974-vol2-chapters [110/195] | RAM=1921 MB | OK
[2026-06-09 20:51 PT] PARSE-ALL | 1974-vol2-chapters: confident=278 flagged=5 | OK
[2026-06-09 20:51 PT] PARSE-ALL | 1975-vol1-chapters [111/195] | RAM=1949 MB | OK
[2026-06-09 20:51 PT] PARSE-ALL | 1975-vol1-chapters: confident=1026 flagged=10 | OK
[2026-06-09 20:51 PT] PARSE-ALL | 1975-vol2-chapters [112/195] | RAM=1933 MB | OK
[2026-06-09 20:51 PT] PARSE-ALL | 1975-vol2-chapters: confident=201 flagged=4 | OK
[2026-06-09 20:51 PT] PARSE-ALL | 1976-vol1-chapters [113/195] | RAM=1937 MB | OK
[2026-06-09 20:51 PT] PARSE-ALL | 1976-vol1-chapters: confident=939 flagged=34 | OK
[2026-06-09 20:51 PT] PARSE-ALL | 1976-vol2 [114/195] | RAM=1920 MB | OK
[2026-06-09 20:51 PT] PARSE-ALL | 1976-vol2: confident=12 flagged=1 | OK
[2026-06-09 20:51 PT] PARSE-ALL | 1976-vol3 [115/195] | RAM=1919 MB | OK
[2026-06-09 20:51 PT] PARSE-ALL | 1976-vol3: confident=443 flagged=29 | OK
[2026-06-09 20:51 PT] PARSE-ALL | 1977-vol1-chapters [116/195] | RAM=1928 MB | OK
[2026-06-09 20:51 PT] PARSE-ALL | 1977-vol1-chapters: confident=628 flagged=49 | OK
[2026-06-09 20:51 PT] PARSE-ALL | 1977-vol2 [117/195] | RAM=1930 MB | OK
[2026-06-09 20:51 PT] PARSE-ALL | 1977-vol2: confident=421 flagged=22 | OK
[2026-06-09 20:51 PT] PARSE-ALL | 1977-vol3-chapters [118/195] | RAM=1954 MB | OK
[2026-06-09 20:51 PT] PARSE-ALL | 1977-vol3-chapters: confident=6 flagged=0 | OK
[2026-06-09 20:51 PT] PARSE-ALL | 1978-vol1-chapters [119/195] | RAM=1970 MB | OK
[2026-06-09 20:51 PT] PARSE-ALL | 1978-vol1-chapters: confident=519 flagged=33 | OK
[2026-06-09 20:51 PT] PARSE-ALL | 1978-vol2 [120/195] | RAM=1932 MB | OK
[2026-06-09 20:51 PT] PARSE-ALL | 1978-vol2: confident=512 flagged=38 | OK
[2026-06-09 20:51 PT] PARSE-ALL | 1978-vol3 [121/195] | RAM=1938 MB | OK
[2026-06-09 20:51 PT] PARSE-ALL | 1978-vol3: confident=234 flagged=47 | OK
[2026-06-09 20:51 PT] PARSE-ALL | 1979-vol1-chapters [122/195] | RAM=1954 MB | OK
[2026-06-09 20:51 PT] PARSE-ALL | 1979-vol1-chapters: confident=537 flagged=13 | OK
[2026-06-09 20:51 PT] PARSE-ALL | 1979-vol2 [123/195] | RAM=1948 MB | OK
[2026-06-09 20:51 PT] PARSE-ALL | 1979-vol2: confident=335 flagged=18 | OK
[2026-06-09 20:51 PT] PARSE-ALL | 1979-vol3 [124/195] | RAM=1951 MB | OK
[2026-06-09 20:51 PT] PARSE-ALL | 1979-vol3: confident=163 flagged=11 | OK
[2026-06-09 20:51 PT] PARSE-ALL | 1980-vol1-chapters [125/195] | RAM=1948 MB | OK
[2026-06-09 20:51 PT] PARSE-ALL | 1980-vol1-chapters: confident=523 flagged=11 | OK
[2026-06-09 20:51 PT] PARSE-ALL | 1980-vol2 [126/195] | RAM=1948 MB | OK
[2026-06-09 20:51 PT] PARSE-ALL | 1980-vol2: confident=445 flagged=7 | OK
[2026-06-09 20:51 PT] PARSE-ALL | 1980-vol3 [127/195] | RAM=1957 MB | OK
[2026-06-09 20:51 PT] PARSE-ALL | 1980-vol3: confident=357 flagged=10 | OK
[2026-06-09 20:51 PT] PARSE-ALL | 1981-vol1-chapters [128/195] | RAM=1941 MB | OK
[2026-06-09 20:51 PT] PARSE-ALL | 1981-vol1-chapters: confident=298 flagged=7 | OK
[2026-06-09 20:51 PT] PARSE-ALL | 1981-vol2 [129/195] | RAM=1944 MB | OK
[2026-06-09 20:51 PT] PARSE-ALL | 1981-vol2: confident=445 flagged=14 | OK
[2026-06-09 20:51 PT] PARSE-ALL | 1981-vol3 [130/195] | RAM=1943 MB | OK
[2026-06-09 20:51 PT] PARSE-ALL | 1981-vol3: confident=291 flagged=20 | OK
[2026-06-09 20:51 PT] PARSE-ALL | 1982-vol1-chapters [131/195] | RAM=1944 MB | OK
[2026-06-09 20:51 PT] PARSE-ALL | 1982-vol1-chapters: confident=256 flagged=23 | OK
[2026-06-09 20:51 PT] PARSE-ALL | 1982-vol2 [132/195] | RAM=1939 MB | OK
[2026-06-09 20:51 PT] PARSE-ALL | 1982-vol2: confident=242 flagged=75 | OK
[2026-06-09 20:51 PT] PARSE-ALL | 1982-vol3 [133/195] | RAM=1935 MB | OK
[2026-06-09 20:51 PT] PARSE-ALL | 1982-vol3: confident=363 flagged=51 | OK
[2026-06-09 20:51 PT] PARSE-ALL | 1982-vol4 [134/195] | RAM=2011 MB | OK
[2026-06-09 20:51 PT] PARSE-ALL | 1982-vol4: confident=194 flagged=24 | OK
[2026-06-09 20:51 PT] PARSE-ALL | 1982-vol5 [135/195] | RAM=2010 MB | OK
[2026-06-09 20:51 PT] PARSE-ALL | 1982-vol5: confident=92 flagged=20 | OK
[2026-06-09 20:51 PT] PARSE-ALL | 1983-vol1-chapters [136/195] | RAM=2018 MB | OK
[2026-06-09 20:51 PT] PARSE-ALL | 1983-vol1-chapters: confident=267 flagged=17 | OK
[2026-06-09 20:51 PT] PARSE-ALL | 1983-vol2 [137/195] | RAM=2046 MB | OK
[2026-06-09 20:51 PT] PARSE-ALL | 1983-vol2: confident=430 flagged=33 | OK
[2026-06-09 20:51 PT] PARSE-ALL | 1983-vol3 [138/195] | RAM=2052 MB | OK
[2026-06-09 20:51 PT] PARSE-ALL | 1983-vol3: confident=286 flagged=13 | OK
[2026-06-09 20:51 PT] PARSE-ALL | 1983-vol4-chapters [139/195] | RAM=2048 MB | OK
[2026-06-09 20:51 PT] PARSE-ALL | 1983-vol4-chapters: confident=44 flagged=3 | OK
[2026-06-09 20:51 PT] PARSE-ALL | 1984-vol1-chapters [140/195] | RAM=2053 MB | OK
[2026-06-09 20:51 PT] PARSE-ALL | 1984-vol1-chapters: confident=459 flagged=16 | OK
[2026-06-09 20:51 PT] PARSE-ALL | 1984-vol2 [141/195] | RAM=2073 MB | OK
[2026-06-09 20:51 PT] PARSE-ALL | 1984-vol2: confident=695 flagged=88 | OK
[2026-06-09 20:51 PT] PARSE-ALL | 1984-vol3 [142/195] | RAM=1946 MB | OK
[2026-06-09 20:51 PT] PARSE-ALL | 1984-vol3: confident=369 flagged=110 | OK
[2026-06-09 20:51 PT] PARSE-ALL | 1985-vol1-chapters [143/195] | RAM=1969 MB | OK
[2026-06-09 20:51 PT] PARSE-ALL | 1985-vol1-chapters: confident=394 flagged=15 | OK
[2026-06-09 20:51 PT] PARSE-ALL | 1985-vol2 [144/195] | RAM=1963 MB | OK
[2026-06-09 20:51 PT] PARSE-ALL | 1985-vol2: confident=578 flagged=16 | OK
[2026-06-09 20:51 PT] PARSE-ALL | 1985-vol3 [145/195] | RAM=1954 MB | OK
[2026-06-09 20:51 PT] PARSE-ALL | 1985-vol3: confident=322 flagged=6 | OK
[2026-06-09 20:51 PT] PARSE-ALL | 1986-vol1-chapters [146/195] | RAM=1961 MB | OK
[2026-06-09 20:51 PT] PARSE-ALL | 1986-vol1-chapters: confident=326 flagged=3 | OK
[2026-06-09 20:51 PT] PARSE-ALL | 1986-vol2 [147/195] | RAM=1967 MB | OK
[2026-06-09 20:51 PT] PARSE-ALL | 1986-vol2: confident=460 flagged=14 | OK
[2026-06-09 20:51 PT] PARSE-ALL | 1986-vol3 [148/195] | RAM=1962 MB | OK
[2026-06-09 20:51 PT] PARSE-ALL | 1986-vol3: confident=359 flagged=13 | OK
[2026-06-09 20:51 PT] PARSE-ALL | 1987-vol1-chapters [149/195] | RAM=1958 MB | OK
[2026-06-09 20:51 PT] PARSE-ALL | 1987-vol1-chapters: confident=364 flagged=2 | OK
[2026-06-09 20:51 PT] PARSE-ALL | 1987-vol2 [150/195] | RAM=1955 MB | OK
[2026-06-09 20:51 PT] PARSE-ALL | 1987-vol2: confident=457 flagged=23 | OK
[2026-06-09 20:51 PT] PARSE-ALL | 1987-vol3 [151/195] | RAM=1968 MB | OK
[2026-06-09 20:51 PT] PARSE-ALL | 1987-vol3: confident=245 flagged=3 | OK
[2026-06-09 20:51 PT] PARSE-ALL | 1988-vol1-chapters [152/195] | RAM=1995 MB | OK
[2026-06-09 20:51 PT] PARSE-ALL | 1988-vol1-chapters: confident=300 flagged=3 | OK
[2026-06-09 20:51 PT] PARSE-ALL | 1988-vol2 [153/195] | RAM=1976 MB | OK
[2026-06-09 20:51 PT] PARSE-ALL | 1988-vol2: confident=553 flagged=12 | OK
[2026-06-09 20:51 PT] PARSE-ALL | 1988-vol3 [154/195] | RAM=1941 MB | OK
[2026-06-09 20:51 PT] PARSE-ALL | 1988-vol3: confident=287 flagged=26 | OK
[2026-06-09 20:51 PT] PARSE-ALL | 1989-vol1-chapters [155/195] | RAM=1946 MB | OK
[2026-06-09 20:51 PT] PARSE-ALL | 1989-vol1-chapters: confident=433 flagged=0 | OK
[2026-06-09 20:51 PT] PARSE-ALL | 1989-vol2 [156/195] | RAM=1949 MB | OK
[2026-06-09 20:51 PT] PARSE-ALL | 1989-vol2: confident=451 flagged=4 | OK
[2026-06-09 20:51 PT] PARSE-ALL | 1989-vol3 [157/195] | RAM=1942 MB | OK
[2026-06-09 20:51 PT] PARSE-ALL | 1989-vol3: confident=189 flagged=2 | OK
[2026-06-09 20:51 PT] PARSE-ALL | 1990-vol1-chapters [158/195] | RAM=1978 MB | OK
[2026-06-09 20:51 PT] PARSE-ALL | 1990-vol1-chapters: confident=133 flagged=3 | OK
[2026-06-09 20:51 PT] PARSE-ALL | 1990-vol2 [159/195] | RAM=1980 MB | OK
[2026-06-09 20:51 PT] PARSE-ALL | 1990-vol2: confident=438 flagged=4 | OK
[2026-06-09 20:51 PT] PARSE-ALL | 1990-vol3 [160/195] | RAM=1975 MB | OK
[2026-06-09 20:51 PT] PARSE-ALL | 1990-vol3: confident=410 flagged=10 | OK
[2026-06-09 20:51 PT] PARSE-ALL | 1990-vol4 [161/195] | RAM=1964 MB | OK
[2026-06-09 20:51 PT] PARSE-ALL | 1990-vol4: confident=232 flagged=20 | OK
[2026-06-09 20:51 PT] PARSE-ALL | 1990-vol5-firstextra [162/195] | RAM=1973 MB | OK
[2026-06-09 20:51 PT] PARSE-ALL | 1990-vol5-firstextra: confident=32 flagged=1 | OK
[2026-06-09 20:51 PT] PARSE-ALL | 1990-vol5-reg-session [163/195] | RAM=2016 MB | OK
[2026-06-09 20:51 PT] PARSE-ALL | 1990-vol5-reg-session: confident=71 flagged=2 | OK
[2026-06-09 20:51 PT] PARSE-ALL | 1991-vol1 [164/195] | RAM=2013 MB | OK
[2026-06-09 20:51 PT] PARSE-ALL | 1991-vol1: confident=291 flagged=2 | OK
[2026-06-09 20:51 PT] PARSE-ALL | 1991-vol2 [165/195] | RAM=1983 MB | OK
[2026-06-09 20:51 PT] PARSE-ALL | 1991-vol2: confident=469 flagged=4 | OK
[2026-06-09 20:51 PT] PARSE-ALL | 1991-vol3 [166/195] | RAM=1993 MB | OK
[2026-06-09 20:51 PT] PARSE-ALL | 1991-vol3: confident=235 flagged=1 | OK
[2026-06-09 20:51 PT] PARSE-ALL | 1992-vol1-statutes [167/195] | RAM=1983 MB | OK
[2026-06-09 20:51 PT] PARSE-ALL | 1992-vol1-statutes: confident=507 flagged=3 | OK
[2026-06-09 20:51 PT] PARSE-ALL | 1992-vol2 [168/195] | RAM=1988 MB | OK
[2026-06-09 20:51 PT] PARSE-ALL | 1992-vol2: confident=401 flagged=4 | OK
[2026-06-09 20:51 PT] PARSE-ALL | 1992-vol3 [169/195] | RAM=1999 MB | OK
[2026-06-09 20:51 PT] PARSE-ALL | 1992-vol3: confident=404 flagged=12 | OK
[2026-06-09 20:51 PT] PARSE-ALL | 1992-vol4 [170/195] | RAM=1989 MB | OK
[2026-06-09 20:51 PT] PARSE-ALL | 1992-vol4: confident=0 flagged=0 | OK
[2026-06-09 20:51 PT] PARSE-ALL | 1993-vol1 [171/195] | RAM=2036 MB | OK
[2026-06-09 20:51 PT] PARSE-ALL | 1993-vol1: confident=232 flagged=2 | OK
[2026-06-09 20:51 PT] PARSE-ALL | 1993-vol2 [172/195] | RAM=2028 MB | OK
[2026-06-09 20:51 PT] PARSE-ALL | 1993-vol2: confident=319 flagged=1 | OK
[2026-06-09 20:51 PT] PARSE-ALL | 1993-vol3 [173/195] | RAM=2015 MB | OK
[2026-06-09 20:51 PT] PARSE-ALL | 1993-vol3: confident=324 flagged=0 | OK
[2026-06-09 20:51 PT] PARSE-ALL | 1993-vol4 [174/195] | RAM=2091 MB | OK
[2026-06-09 20:51 PT] PARSE-ALL | 1993-vol4: confident=134 flagged=0 | OK
[2026-06-09 20:51 PT] PARSE-ALL | 1993-vol5 [175/195] | RAM=2110 MB | OK
[2026-06-09 20:51 PT] PARSE-ALL | 1993-vol5: confident=0 flagged=0 | OK
[2026-06-09 20:51 PT] PARSE-ALL | 1994-vol1 [176/195] | RAM=2110 MB | OK
[2026-06-09 20:51 PT] PARSE-ALL | 1994-vol1: confident=0 flagged=0 | OK
[2026-06-09 20:51 PT] PARSE-ALL | 1994-vol2 [177/195] | RAM=2115 MB | OK
[2026-06-09 20:51 PT] PARSE-ALL | 1994-vol2: confident=470 flagged=2 | OK
[2026-06-09 20:51 PT] PARSE-ALL | 1994-vol3 [178/195] | RAM=2116 MB | OK
[2026-06-09 20:51 PT] PARSE-ALL | 1994-vol3: confident=184 flagged=1 | OK
[2026-06-09 20:51 PT] PARSE-ALL | 1994-vol4 [179/195] | RAM=2101 MB | OK
[2026-06-09 20:51 PT] PARSE-ALL | 1994-vol4: confident=243 flagged=0 | OK
[2026-06-09 20:51 PT] PARSE-ALL | 1994-vol5 [180/195] | RAM=2091 MB | OK
[2026-06-09 20:51 PT] PARSE-ALL | 1994-vol5: confident=44 flagged=2 | OK
[2026-06-09 20:51 PT] PARSE-ALL | 1995-vol1 [181/195] | RAM=2105 MB | OK
[2026-06-09 20:51 PT] PARSE-ALL | 1995-vol1: confident=361 flagged=13 | OK
[2026-06-09 20:51 PT] PARSE-ALL | 1995-vol2 [182/195] | RAM=2105 MB | OK
[2026-06-09 20:51 PT] PARSE-ALL | 1995-vol2: confident=154 flagged=8 | OK
[2026-06-09 20:51 PT] PARSE-ALL | 1995-vol3 [183/195] | RAM=2102 MB | OK
[2026-06-09 20:51 PT] PARSE-ALL | 1995-vol3: confident=284 flagged=10 | OK
[2026-06-09 20:51 PT] PARSE-ALL | 1995-vol4 [184/195] | RAM=2102 MB | OK
[2026-06-09 20:51 PT] PARSE-ALL | 1995-vol4: confident=137 flagged=5 | OK
[2026-06-09 20:51 PT] PARSE-ALL | 1995-vol5 [185/195] | RAM=2135 MB | OK
[2026-06-09 20:51 PT] PARSE-ALL | 1995-vol5: confident=12 flagged=0 | OK
[2026-06-09 20:51 PT] PARSE-ALL | 1996-vol1 [186/195] | RAM=2158 MB | OK
[2026-06-09 20:51 PT] PARSE-ALL | 1996-vol1: confident=151 flagged=11 | OK
[2026-06-09 20:51 PT] PARSE-ALL | 1996-vol2 [187/195] | RAM=2131 MB | OK
[2026-06-09 20:51 PT] PARSE-ALL | 1996-vol2: confident=123 flagged=2 | OK
[2026-06-09 20:51 PT] PARSE-ALL | 1996-vol3 [188/195] | RAM=2131 MB | OK
[2026-06-09 20:51 PT] PARSE-ALL | 1996-vol3: confident=175 flagged=6 | OK
[2026-06-09 20:51 PT] PARSE-ALL | 1996-vol5 [189/195] | RAM=2121 MB | OK
[2026-06-09 20:51 PT] PARSE-ALL | 1996-vol5: confident=93 flagged=1 | OK
[2026-06-09 20:51 PT] PARSE-ALL | 1997-vol2 [190/195] | RAM=2128 MB | OK
[2026-06-09 20:51 PT] PARSE-ALL | 1997-vol2: confident=100 flagged=12 | OK
[2026-06-09 20:51 PT] PARSE-ALL | 1997-vol5 [191/195] | RAM=2124 MB | OK
[2026-06-09 20:51 PT] PARSE-ALL | 1997-vol5: confident=161 flagged=5 | OK
[2026-06-09 20:51 PT] PARSE-ALL | 1998-vol3 [192/195] | RAM=2123 MB | OK
[2026-06-09 20:51 PT] PARSE-ALL | 1998-vol3: confident=353 flagged=18 | OK
[2026-06-09 20:51 PT] PARSE-ALL | 1998-vol4 [193/195] | RAM=2126 MB | OK
[2026-06-09 20:51 PT] PARSE-ALL | 1998-vol4: confident=119 flagged=6 | OK
[2026-06-09 20:51 PT] PARSE-ALL | 1998-vol6 [194/195] | RAM=2115 MB | OK
[2026-06-09 20:51 PT] PARSE-ALL | 1998-vol6: confident=0 flagged=0 | OK
[2026-06-09 20:51 PT] PARSE-ALL | 1999-vol5 [195/195] | RAM=2150 MB | OK
[2026-06-09 20:51 PT] PARSE-ALL | 1999-vol5: confident=43 flagged=0 | OK
[2026-06-09 20:51 PT] PARSE-ALL | === DONE: parsed_ok=195 fail=0 skipped_ram=0 total_confident=67653 total_flagged=7687 | final_ram=2125 MB === | OK
[2026-06-09 20:53 PT] PARSE-ALL | cc009: parse_volume() run complete -- 195 vols, 67653 confident + 7687 flagged acts, 1964 date-review entries, 0 failures, 0 RAM-skipped, final_ram=2125 MB | OK

