[2026-06-11 06:35 PT] START substitution judge model=gemma3:27b | OK
[2026-06-11 06:35 PT] loaded 498 sample windows | OK
[2026-06-11 06:35 PT] 3/498 windows | subs_so_far=7 | words=240 | elapsed=15s | rate=0.2/s | HEARTBEAT
[2026-06-11 06:35 PT] 13/498 windows | subs_so_far=26 | words=1,040 | elapsed=32s | rate=0.4/s | HEARTBEAT
[2026-06-11 06:36 PT] 24/498 windows | subs_so_far=41 | words=1,920 | elapsed=47s | rate=0.5/s | HEARTBEAT
[2026-06-11 06:36 PT] 34/498 windows | subs_so_far=59 | words=2,720 | elapsed=63s | rate=0.5/s | HEARTBEAT
[2026-06-11 06:36 PT] 41/498 windows | subs_so_far=82 | words=3,280 | elapsed=78s | rate=0.5/s | HEARTBEAT
[2026-06-11 06:36 PT] 52/498 windows | subs_so_far=98 | words=4,160 | elapsed=94s | rate=0.6/s | HEARTBEAT
[2026-06-11 06:37 PT] 64/498 windows | subs_so_far=114 | words=5,120 | elapsed=110s | rate=0.6/s | HEARTBEAT
[2026-06-11 06:37 PT] 75/498 windows | subs_so_far=132 | words=6,000 | elapsed=126s | rate=0.6/s | HEARTBEAT
[2026-06-11 06:37 PT] 87/498 windows | subs_so_far=146 | words=6,960 | elapsed=141s | rate=0.6/s | HEARTBEAT
[2026-06-11 06:38 PT] 99/498 windows | subs_so_far=163 | words=7,920 | elapsed=158s | rate=0.6/s | HEARTBEAT
[2026-06-11 06:38 PT] 110/498 windows | subs_so_far=181 | words=8,800 | elapsed=173s | rate=0.6/s | HEARTBEAT
[2026-06-11 06:38 PT] 120/498 windows | subs_so_far=198 | words=9,600 | elapsed=188s | rate=0.6/s | HEARTBEAT
[2026-06-11 06:38 PT] 128/498 windows | subs_so_far=216 | words=10,240 | elapsed=204s | rate=0.6/s | HEARTBEAT
[2026-06-11 06:39 PT] 140/498 windows | subs_so_far=229 | words=11,200 | elapsed=219s | rate=0.6/s | HEARTBEAT
[2026-06-11 06:39 PT] 148/498 windows | subs_so_far=251 | words=11,840 | elapsed=234s | rate=0.6/s | HEARTBEAT
[2026-06-11 06:39 PT] 158/498 windows | subs_so_far=272 | words=12,640 | elapsed=251s | rate=0.6/s | HEARTBEAT
[2026-06-11 06:39 PT] 167/498 windows | subs_so_far=291 | words=13,360 | elapsed=267s | rate=0.6/s | HEARTBEAT
[2026-06-11 06:40 PT] 180/498 windows | subs_so_far=308 | words=14,400 | elapsed=284s | rate=0.6/s | HEARTBEAT
[2026-06-11 06:40 PT] 190/498 windows | subs_so_far=328 | words=15,200 | elapsed=300s | rate=0.6/s | HEARTBEAT
[2026-06-11 06:40 PT] 200/498 windows | subs_so_far=345 | words=16,000 | elapsed=315s | rate=0.6/s | HEARTBEAT
[2026-06-11 06:40 PT] 211/498 windows | subs_so_far=364 | words=16,880 | elapsed=331s | rate=0.6/s | HEARTBEAT
[2026-06-11 06:41 PT] 220/498 windows | subs_so_far=383 | words=17,600 | elapsed=347s | rate=0.6/s | HEARTBEAT
[2026-06-11 06:41 PT] 232/498 windows | subs_so_far=402 | words=18,560 | elapsed=363s | rate=0.6/s | HEARTBEAT
[2026-06-11 06:41 PT] 244/498 windows | subs_so_far=418 | words=19,520 | elapsed=378s | rate=0.6/s | HEARTBEAT
[2026-06-11 06:42 PT] 256/498 windows | subs_so_far=437 | words=20,480 | elapsed=395s | rate=0.6/s | HEARTBEAT
[2026-06-11 06:42 PT] 267/498 windows | subs_so_far=453 | words=21,360 | elapsed=411s | rate=0.7/s | HEARTBEAT
[2026-06-11 06:42 PT] 277/498 windows | subs_so_far=469 | words=22,160 | elapsed=426s | rate=0.6/s | HEARTBEAT
[2026-06-11 06:42 PT] 287/498 windows | subs_so_far=487 | words=22,960 | elapsed=442s | rate=0.6/s | HEARTBEAT
[2026-06-11 06:43 PT] 299/498 windows | subs_so_far=502 | words=23,920 | elapsed=458s | rate=0.7/s | HEARTBEAT
[2026-06-11 06:43 PT] 309/498 windows | subs_so_far=520 | words=24,720 | elapsed=474s | rate=0.7/s | HEARTBEAT
[2026-06-11 06:43 PT] 321/498 windows | subs_so_far=538 | words=25,680 | elapsed=490s | rate=0.7/s | HEARTBEAT
[2026-06-11 06:43 PT] 331/498 windows | subs_so_far=555 | words=26,480 | elapsed=506s | rate=0.7/s | HEARTBEAT
[2026-06-11 06:44 PT] 342/498 windows | subs_so_far=569 | words=27,360 | elapsed=521s | rate=0.7/s | HEARTBEAT
[2026-06-11 06:44 PT] 355/498 windows | subs_so_far=582 | words=28,400 | elapsed=537s | rate=0.7/s | HEARTBEAT
[2026-06-11 06:44 PT] 368/498 windows | subs_so_far=595 | words=29,440 | elapsed=552s | rate=0.7/s | HEARTBEAT
[2026-06-11 06:44 PT] 381/498 windows | subs_so_far=609 | words=30,480 | elapsed=567s | rate=0.7/s | HEARTBEAT
[2026-06-11 06:45 PT] 393/498 windows | subs_so_far=621 | words=31,440 | elapsed=583s | rate=0.7/s | HEARTBEAT
[2026-06-11 06:45 PT] 406/498 windows | subs_so_far=633 | words=32,480 | elapsed=598s | rate=0.7/s | HEARTBEAT
[2026-06-11 06:45 PT] 419/498 windows | subs_so_far=647 | words=33,520 | elapsed=613s | rate=0.7/s | HEARTBEAT
[2026-06-11 06:45 PT] 432/498 windows | subs_so_far=660 | words=34,560 | elapsed=628s | rate=0.7/s | HEARTBEAT
[2026-06-11 06:46 PT] 445/498 windows | subs_so_far=673 | words=35,600 | elapsed=644s | rate=0.7/s | HEARTBEAT
[2026-06-11 06:46 PT] 457/498 windows | subs_so_far=688 | words=36,560 | elapsed=660s | rate=0.7/s | HEARTBEAT
[2026-06-11 06:46 PT] 470/498 windows | subs_so_far=701 | words=37,600 | elapsed=675s | rate=0.7/s | HEARTBEAT
[2026-06-11 06:46 PT] 483/498 windows | subs_so_far=714 | words=38,640 | elapsed=691s | rate=0.7/s | HEARTBEAT
[2026-06-11 06:47 PT] 496/498 windows | subs_so_far=728 | words=39,680 | elapsed=707s | rate=0.7/s | HEARTBEAT
[2026-06-11 06:47 PT] 498/498 windows | subs_so_far=730 | words=39,840 | elapsed=709s | rate=0.7/s | HEARTBEAT
[2026-06-11 06:47 PT] DONE subs=730 over 39,840 words = 18.32/1000 words (1.832%) | windows_with_subs=488/498 | -> C:\Users\patolex\PatoLex-scratch\_vocab\substitution_findings_local.json | OK
