[2026-06-21 10:30 PT] START | Visual recovery campaign for 1856 -- 17 missing chapters | OK
[2026-06-21 10:31 PT] MANIFEST | _residual_manifest.py 1856 -> missing=[25,26,27,53,63,65,109,110,119,121,126,128,131,132,135,136,152] | OK
[2026-06-21 10:32 PT] OCR-LOAD | production-1856/ocr_consensus/page_ocr_results.json -- 237 pages, 4 engines (tess/doctr/surya/consensus) | OK
[2026-06-21 10:35 PT] CH25 | XXV pg=31 -- doctr/surya agree; tess reads XXYV. "An Act To Fix the Time for Holding the Terms of the District Court of the Tenth Judicial District of this State" [Approved March 8th, 1856] | image_verified
[2026-06-21 10:35 PT] CH26 | XXVI pg=32 -- doctr/surya agree XXVI; tess misreads as XXXVI. "An Act To Establish the County Seat of Humboldt County" [Approved March 10th, 1856] | image_verified
[2026-06-21 10:35 PT] CH27 | XXVII pg=32 -- doctr reads XXVII; surya misreads as XXV; tess as XXVIII. "An Act Entitled an Act to Change and Fix the County Seat of Butte County" [Approved March 10th, 1856] | image_verified
[2026-06-21 10:36 PT] CH53 | LIII pg=60 -- doctr/surya agree LIII; tess misread as LITII. "An Act To Authorize the Courts of Record of this State to Admit Alfred W. Harcombe as an Attorney and Counselor at Law" [Approved March 29th, 1856] | image_verified
[2026-06-21 10:36 PT] CH63 | LXIII pg=70 -- doctr/surya agree LXIII; tess as LAXITI. "An Act Amendatory to an Act entitled An Act to Provide for the Disposal of Lots in the Towns and Villages on the Public Lands in Humboldt County" [Approved April 3d, 1856] | image_verified
[2026-06-21 10:36 PT] CH65 | LXV pg=74 -- all engines agree LXV. "An Act Authorizing J. E. Davis and A. P. Jordan and Others to Construct a Wharf at Santa Cruz" [Approved April 3d, 1856] | image_verified
[2026-06-21 10:37 PT] CH109 | CIX pg=125 -- doctr reads CIX clearly. "An Act To Enable the County of Placer to Take and Hold Stock in any Company having for its Object the Extension of the Sacramento Valley Railroad to the Town of Auburn" [Approved April 10th, 1856] | image_verified
[2026-06-21 10:37 PT] CH110 | CX pg=126 -- surya/doctr agree CX. "An Act Amendatory of, and Supplementary to, an Act entitled An Act Concerning Crimes and Punishments, Passed April 16th, 1850" [Approved April 19th, 1856] | image_verified
[2026-06-21 10:37 PT] CH119 | CXIX pg=136 -- doctr/surya agree CXIX. "An Act To Repeal an Act entitled An Act to Amend An Act to Provide for the Protection of Foreigners..." [Approved April 19th, 1856] | image_verified
[2026-06-21 10:38 PT] CH121 | CXXI pg=137 -- surya/doctr agree CXXI. "An Act To Submit the Question of the Location of the County Seat of Sutter County to a Vote of the People of said County" [Approved April 19th, 1856] | image_verified
[2026-06-21 10:39 PT] CH126 | CXXVI pg=174 -- found after wide scan (pages 140-177 span a long SF consolidation act); doctr garbles CHAPTER as OHAPTER but CXXVI clear. "An Act Concerning the Debt and the Current Expenses of the County of Monterey..." [Approved April 19th, 1856] | image_verified
[2026-06-21 10:39 PT] CH128 | CXXVIII pg=181 -- surya reads CXXVIII; doctr/tess garble C->O as OXXVIII. "An Act Concerning Estray Animals" [Approved April 19, 1856] | image_verified
[2026-06-21 10:40 PT] CH131 | CXXXI pg=187 -- doctr/tess read OXXXI (C garbled as O); surya misreads as CXXI; detected on full-text dump. "An Act To Fund the Debt of the County of Napa, and Provide for the Payment of the Same" [Approved April 19th, 1856] | image_verified
[2026-06-21 10:40 PT] CH132 | CXXXII pg=191 -- doctr/surya agree CXXXII; tess as OCXXXII. "An Act To Provide for the Appointment of a Reporter of the Supreme Court, and to Define his Duties and Compensation" [Approved April 19th, 1856] | image_verified
[2026-06-21 10:40 PT] CH135 | CXXXV pg=201 -- doctr/surya agree. "An Act Concerning the War Debt of this State, and Providing for the Redemption thereof" [Approved April 19th, 1856] | image_verified
[2026-06-21 10:41 PT] CH136 | CXXXVI pg=206 -- all agree. "An Act To Authorize the Funding of the Debt of the City of San Jose; and to Provide for the Payment of the Same" [Approved April 19th, 1856] | image_verified
[2026-06-21 10:41 PT] CH152 | CLII pg=230 -- doctr reads CLII. "An Act To Establish the Pay of the Officers and Employees of the Senate and the Assembly, and to Repeal the Existing Laws Relating Thereto" [Approved April 21st, 1856] | image_verified
[2026-06-21 10:55 PT] OUTPUT | parsed_acts_visual.json written to C:/PatoLex-scratch/production-1856/ -- 17 targeted, 17 image_verified, 0 legislative_gap, 0 not_found | OK
[2026-06-21 10:55 PT] NOTES | OCR patterns: "C" misread as "O" in high-resolution century marks (CIX->OXXXI etc); tess unreliable on higher Roman; surya occasionally confuses XXVII->XXV in tight columns; doctr most consistent for CXX-range. No dual series detected. No legislative gaps confirmed. | OK
[2026-06-21 10:56 PT] DONE | 1856 visual recovery complete -- 17/17 chapters located and title-confirmed | OK
