[2026-06-20 23:20 PT] VISUAL-RECOVERY 1971 | START | Loading manifest
[2026-06-20 23:20 PT] VISUAL-RECOVERY 1971 | MANIFEST | 45 missing chapters loaded
[2026-06-20 23:20 PT] VISUAL-RECOVERY 1971 | VOLUMES | ['production-1971-vol1-chapters', 'production-1971-vol2']
[2026-06-20 23:20 PT] VISUAL-RECOVERY 1971 | OCR LOADED | production-1971-vol1-chapters (2590 pages)
[2026-06-20 23:20 PT] VISUAL-RECOVERY 1971 | OCR LOADED | production-1971-vol2 (1884 pages)
[2026-06-20 23:20 PT] VISUAL-RECOVERY 1971 | SCANNING | ch=310 pages=636-1784 vol=production-1971-vol1-chapters
[2026-06-20 23:20 PT] VISUAL-RECOVERY 1971 | SCANNING | ch=776 pages=1524-1526 vol=production-1971-vol1-chapters
[2026-06-20 23:20 PT] VISUAL-RECOVERY 1971 | SCANNING | ch=777 pages=1524-1526 vol=production-1971-vol1-chapters
[2026-06-20 23:20 PT] VISUAL-RECOVERY 1971 | SCANNING | ch=901 pages=1750-1751 vol=production-1971-vol1-chapters
[2026-06-20 23:20 PT] VISUAL-RECOVERY 1971 | SCANNING | ch=961 pages=1871-1873 vol=production-1971-vol1-chapters
[2026-06-20 23:20 PT] VISUAL-RECOVERY 1971 | SCANNING | ch=983 pages=1894-1896 vol=production-1971-vol1-chapters
[2026-06-20 23:20 PT] VISUAL-RECOVERY 1971 | SCANNING | ch=984 pages=1894-1896 vol=production-1971-vol1-chapters
[2026-06-20 23:20 PT] VISUAL-RECOVERY 1971 | SCANNING | ch=985 pages=1894-1896 vol=production-1971-vol1-chapters
[2026-06-20 23:20 PT] VISUAL-RECOVERY 1971 | SCANNING | ch=995 pages=1909-1911 vol=production-1971-vol1-chapters
[2026-06-20 23:20 PT] VISUAL-RECOVERY 1971 | SCANNING | ch=1119 pages=2132-2135 vol=production-1971-vol1-chapters
[2026-06-20 23:20 PT] VISUAL-RECOVERY 1971 | SCANNING | ch=1120 pages=2132-2135 vol=production-1971-vol1-chapters
[2026-06-20 23:20 PT] VISUAL-RECOVERY 1971 | SCANNING | ch=1139 pages=2152-2162 vol=production-1971-vol1-chapters
[2026-06-20 23:20 PT] VISUAL-RECOVERY 1971 | SCANNING | ch=1234 pages=2393-2401 vol=production-1971-vol1-chapters
[2026-06-20 23:20 PT] VISUAL-RECOVERY 1971 | SCANNING | ch=1235 pages=2393-2401 vol=production-1971-vol1-chapters
[2026-06-20 23:20 PT] VISUAL-RECOVERY 1971 | SCANNING | ch=1236 pages=2393-2401 vol=production-1971-vol1-chapters
[2026-06-20 23:20 PT] VISUAL-RECOVERY 1971 | SCANNING | ch=1277 pages=2495-2506 vol=production-1971-vol1-chapters
[2026-06-20 23:20 PT] VISUAL-RECOVERY 1971 | SCANNING | ch=1278 pages=2495-2506 vol=production-1971-vol1-chapters
[2026-06-20 23:20 PT] VISUAL-RECOVERY 1971 | SCANNING | ch=1288 pages=185-2470 vol=production-1971-vol1-chapters
[2026-06-20 23:20 PT] VISUAL-RECOVERY 1971 | SCANNING | ch=1296 pages=2535-2546 vol=production-1971-vol1-chapters
[2026-06-20 23:20 PT] VISUAL-RECOVERY 1971 | SCANNING | ch=1297 pages=2535-2546 vol=production-1971-vol1-chapters
[2026-06-20 23:20 PT] VISUAL-RECOVERY 1971 | SCANNING | ch=1333 pages=44-45 vol=production-1971-vol2
[2026-06-20 23:20 PT] VISUAL-RECOVERY 1971 | SCANNING | ch=1366 pages=98-99 vol=production-1971-vol2
[2026-06-20 23:20 PT] VISUAL-RECOVERY 1971 | SCANNING | ch=1420 pages=232-233 vol=production-1971-vol2
[2026-06-20 23:20 PT] VISUAL-RECOVERY 1971 | SCANNING | ch=1436 pages=249-250 vol=production-1971-vol2
[2026-06-20 23:20 PT] VISUAL-RECOVERY 1971 | SCANNING | ch=1446 pages=261-268 vol=production-1971-vol2
[2026-06-20 23:20 PT] VISUAL-RECOVERY 1971 | SCANNING | ch=1462 pages=288-294 vol=production-1971-vol2
[2026-06-20 23:20 PT] VISUAL-RECOVERY 1971 | SCANNING | ch=1463 pages=288-294 vol=production-1971-vol2
[2026-06-20 23:20 PT] VISUAL-RECOVERY 1971 | SCANNING | ch=1471 pages=314-318 vol=production-1971-vol2
[2026-06-20 23:20 PT] VISUAL-RECOVERY 1971 | SCANNING | ch=1473 pages=318-322 vol=production-1971-vol2
[2026-06-20 23:20 PT] VISUAL-RECOVERY 1971 | SCANNING | ch=1485 pages=337-341 vol=production-1971-vol2
[2026-06-20 23:20 PT] VISUAL-RECOVERY 1971 | SCANNING | ch=1495 pages=355-359 vol=production-1971-vol2
[2026-06-20 23:20 PT] VISUAL-RECOVERY 1971 | SCANNING | ch=1521 pages=407-410 vol=production-1971-vol2
[2026-06-20 23:20 PT] VISUAL-RECOVERY 1971 | SCANNING | ch=1569 pages=558-559 vol=production-1971-vol2
[2026-06-20 23:20 PT] VISUAL-RECOVERY 1971 | SCANNING | ch=1649 pages=963-965 vol=production-1971-vol2
[2026-06-20 23:20 PT] VISUAL-RECOVERY 1971 | SCANNING | ch=1657 pages=979-981 vol=production-1971-vol2
[2026-06-20 23:20 PT] VISUAL-RECOVERY 1971 | SCANNING | ch=1678 pages=1014-1015 vol=production-1971-vol2
[2026-06-20 23:20 PT] VISUAL-RECOVERY 1971 | SCANNING | ch=1693 pages=1037-1040 vol=production-1971-vol2
[2026-06-20 23:20 PT] VISUAL-RECOVERY 1971 | SCANNING | ch=1699 pages=1049-1050 vol=production-1971-vol2
[2026-06-20 23:20 PT] VISUAL-RECOVERY 1971 | SCANNING | ch=1714 pages=1064-1065 vol=production-1971-vol2
[2026-06-20 23:20 PT] VISUAL-RECOVERY 1971 | SCANNING | ch=1718 pages=1068-1069 vol=production-1971-vol2
[2026-06-20 23:20 PT] VISUAL-RECOVERY 1971 | SCANNING | ch=1795 pages=1277-1283 vol=production-1971-vol2
[2026-06-20 23:20 PT] VISUAL-RECOVERY 1971 | SCANNING | ch=1796 pages=1277-1283 vol=production-1971-vol2
[2026-06-20 23:20 PT] VISUAL-RECOVERY 1971 | SCANNING | ch=1798 pages=1283-1304 vol=production-1971-vol2
[2026-06-20 23:20 PT] VISUAL-RECOVERY 1971 | SCANNING | ch=1803 pages=1309-1315 vol=production-1971-vol2
[2026-06-20 23:20 PT] VISUAL-RECOVERY 1971 | SCANNING | ch=1804 pages=1309-1315 vol=production-1971-vol2
[2026-06-20 23:20 PT] VISUAL-RECOVERY 1971 | OCR SCAN COMPLETE | Writing intermediate results
[2026-06-20 23:20 PT] VISUAL-RECOVERY 1971 | SCAN SAVED | C:\PatoLex-scratch\_scan_results_1971.json
[2026-06-20 23:20 PT] VISUAL-RECOVERY 1971 | OCR SUMMARY | total=45 found_in_ocr=2 not_found_in_ocr=43
[2026-06-20 23:21 PT] MAPPING CONFIRMED | OCR key K = file index K; pages_raw/page_{K:04d}.png = printed_page K+1; manifest source_page = printed page number; image for source_page P = pages_raw/page_{P-1:04d}.png
[2026-06-20 23:22 PT] IMAGE-VERIFY | ch=310 | printed=646 | img=page_0645.png | CONFIRMED [Ch. 310] running header | OK
[2026-06-20 23:22 PT] IMAGE-VERIFY | ch=776 | printed=1526 | img=page_1525.png | CONFIRMED CHAPTER 776 header | OK
[2026-06-20 23:23 PT] IMAGE-VERIFY | ch=777 | printed=1531 | img=page_1530.png | CONFIRMED CHAPTER 777+778+779 all on printed page 1531 | OK
[2026-06-20 23:23 PT] IMAGE-VERIFY | ch=901 | printed=1750 | img=page_1749.png | CONFIRMED CHAPTER 901 on same page as ch900 | OK
[2026-06-20 23:23 PT] IMAGE-VERIFY | ch=961 | printed=1872 | img=page_1871.png | CONFIRMED CHAPTER 961 header | OK
[2026-06-20 23:24 PT] IMAGE-VERIFY | ch=983 | printed=1895 | img=page_1894.png | CONFIRMED CHAPTER 983 header | OK
[2026-06-20 23:24 PT] IMAGE-VERIFY | ch=984 | printed=1896 | img=page_1895.png | CONFIRMED CHAPTER 984+985 both on printed 1896 | OK
[2026-06-20 23:24 PT] IMAGE-VERIFY | ch=985 | printed=1896 | img=page_1895.png | CONFIRMED CHAPTER 984+985 both on printed 1896 | OK
[2026-06-20 23:24 PT] IMAGE-VERIFY | ch=995 | printed=1910 | img=page_1909.png | CONFIRMED CHAPTER 995 header | OK
[2026-06-20 23:24 PT] IMAGE-VERIFY | ch=1119 | printed=2132 | img=page_2131.png | CONFIRMED CHAPTER 1119 header | OK
[2026-06-20 23:24 PT] IMAGE-VERIFY | ch=1120 | printed=2134 | img=page_2133.png | CONFIRMED CHAPTER 1120 header | OK
[2026-06-20 23:25 PT] IMAGE-VERIFY | ch=1139 | printed=2162 | img=page_2161.png | CONFIRMED CHAPTER 1139+1140 on same page | OK
[2026-06-20 23:25 PT] IMAGE-VERIFY | ch=1234 | printed=2396 | img=page_2395.png | CONFIRMED CHAPTER 1234 header | OK
[2026-06-20 23:25 PT] IMAGE-VERIFY | ch=1235 | printed=2398 | img=page_2397.png | CONFIRMED CHAPTER 1235 header | OK
[2026-06-20 23:25 PT] IMAGE-VERIFY | ch=1236 | printed=2399 | img=page_2398.png | CONFIRMED CHAPTER 1236 header | OK
[2026-06-20 23:26 PT] IMAGE-VERIFY | ch=1277 | printed=2504 | img=page_2503.png | CONFIRMED CHAPTER 1277 header | OK
[2026-06-20 23:26 PT] IMAGE-VERIFY | ch=1278 | printed=2505 | img=page_2504.png | CONFIRMED CHAPTER 1278 header | OK
[2026-06-20 23:26 PT] IMAGE-VERIFY | ch=1288 | printed=2527 | img=page_2526.png | CONFIRMED [Ch. 1288] running header; manifest page_range was malformed (inverted) | OK
[2026-06-20 23:27 PT] IMAGE-VERIFY | ch=1296 | printed=2537 | img=page_2536.png | CONFIRMED CHAPTER 1296 header | OK
[2026-06-20 23:27 PT] IMAGE-VERIFY | ch=1297 | printed=2546 | img=page_2545.png | CONFIRMED CHAPTER 1297+1298 on same page | OK
[2026-06-20 23:27 PT] VOL1 COMPLETE | 20/20 vol1 chapters image-verified | proceeding to vol2
[2026-06-20 23:28 PT] IMAGE-VERIFY | ch=1333 | printed=44 | img=page_0043.png | CONFIRMED CHAPTER 1333 header; also ch1332 on same page | OK
[2026-06-20 23:28 PT] IMAGE-VERIFY | ch=1366 | printed=98 | img=page_0097.png | CONFIRMED CHAPTER 1366 header; also ch1364+1365 on same page | OK
[2026-06-20 23:28 PT] IMAGE-VERIFY | ch=1420 | printed=232 | img=page_0231.png | CONFIRMED CHAPTER 1420 header; also ch1419 on same page | OK
[2026-06-20 23:29 PT] IMAGE-VERIFY | ch=1436 | printed=250 | img=page_0249.png | CONFIRMED CHAPTER 1436+1437 on same page | OK
[2026-06-20 23:29 PT] IMAGE-VERIFY | ch=1446 | printed=261 | img=page_0260.png | CONFIRMED CHAPTER 1446 header | OK
[2026-06-20 23:29 PT] IMAGE-VERIFY | ch=1462 | printed=290 | img=page_0289.png | CONFIRMED CHAPTER 1462 header (Model Cities long act) | OK
[2026-06-20 23:29 PT] IMAGE-VERIFY | ch=1463 | printed=294 | img=page_0293.png | CONFIRMED CHAPTER 1463+1464 on same page | OK
[2026-06-20 23:30 PT] IMAGE-VERIFY | ch=1471 | printed=318 | img=page_0317.png | CONFIRMED CHAPTER 1471 header | OK
[2026-06-20 23:30 PT] IMAGE-VERIFY | ch=1473 | printed=322 | img=page_0321.png | CONFIRMED CHAPTER 1473+1474 on same page | OK
[2026-06-20 23:30 PT] IMAGE-VERIFY | ch=1485 | printed=340 | img=page_0339.png | CONFIRMED CHAPTER 1485 header (also OCR exact hit) | OK
[2026-06-20 23:30 PT] IMAGE-VERIFY | ch=1495 | printed=359 | img=page_0358.png | CONFIRMED CHAPTER 1495+1496 on same page | OK
[2026-06-20 23:30 PT] IMAGE-VERIFY | ch=1521 | printed=408 | img=page_0407.png | CONFIRMED CHAPTER 1521 header | OK
[2026-06-20 23:31 PT] IMAGE-VERIFY | ch=1569 | printed=558 | img=page_0557.png | CONFIRMED CHAPTER 1568+1569 on same page | OK
[2026-06-20 23:31 PT] IMAGE-VERIFY | ch=1649 | printed=965 | img=page_0964.png | CONFIRMED CHAPTER 1649+1650 on same page | OK
[2026-06-20 23:31 PT] IMAGE-VERIFY | ch=1657 | printed=979 | img=page_0978.png | CONFIRMED CHAPTER 1656+1657 on same page | OK
[2026-06-20 23:31 PT] IMAGE-VERIFY | ch=1678 | printed=1014 | img=page_1013.png | CONFIRMED CHAPTER 1677+1678 on same page | OK
[2026-06-20 23:31 PT] IMAGE-VERIFY | ch=1693 | printed=1039 | img=page_1038.png | CONFIRMED CHAPTER 1693 (also OCR exact hit) | OK
[2026-06-20 23:32 PT] IMAGE-VERIFY | ch=1699 | printed=1049 | img=page_1048.png | CONFIRMED CHAPTER 1698+1699 on same page | OK
[2026-06-20 23:32 PT] IMAGE-VERIFY | ch=1714 | printed=1064 | img=page_1063.png | CONFIRMED CHAPTER 1713+1714 on same page | OK
[2026-06-20 23:32 PT] IMAGE-VERIFY | ch=1718 | printed=1068 | img=page_1067.png | CONFIRMED CHAPTER 1717+1718 on same page | OK
[2026-06-20 23:32 PT] IMAGE-VERIFY | ch=1795 | printed=1279 | img=page_1278.png | CONFIRMED CHAPTER 1795 header | OK
[2026-06-20 23:32 PT] IMAGE-VERIFY | ch=1796 | printed=1281 | img=page_1280.png | CONFIRMED CHAPTER 1796 header | OK
[2026-06-20 23:33 PT] IMAGE-VERIFY | ch=1798 | printed=1299 | img=page_1298.png | CONFIRMED CHAPTER 1798 header | OK
[2026-06-20 23:33 PT] IMAGE-VERIFY | ch=1803 | printed=1310 | img=page_1309.png | CONFIRMED CHAPTER 1803 header; OCR key 1309 had '18038' (OCR artifact) | OK
[2026-06-20 23:33 PT] IMAGE-VERIFY | ch=1804 | printed=1315 | img=page_1314.png | CONFIRMED CHAPTER 1804+1805 on same page | OK
[2026-06-20 23:33 PT] VOL2 COMPLETE | 25/25 vol2 chapters image-verified
[2026-06-20 23:34 PT] OUTPUT WRITTEN | C:\PatoLex-scratch\production-1971-vol1-chapters\parsed_acts_visual.json | 20 acts | OK
[2026-06-20 23:34 PT] OUTPUT WRITTEN | C:\PatoLex-scratch\production-1971-vol2\parsed_acts_visual.json | 25 acts | OK
[2026-06-20 23:34 PT] FINAL SUMMARY | year=1971 | missing=45 | targeted=45 | image_verified=45 | printed_number_mismatch=0 | not_found=0
[2026-06-20 23:34 PT] SYSTEMATIC NOTES | (1) OCR missed chapter headers for 43/45 cases; headers at page-top boundary not captured in consensus_text; (2) Multiple short acts on same printed page is common pattern; (3) ch1288 manifest page_range was corrupted/inverted; (4) OCR spurious hits from section numbers (e.g. '18038' for '1803', '12384' for '1234') are a known issue; (5) Page offset: pages_raw/page_{K:04d}.png = printed page K+1 | COMPLETE
