[2026-06-21 04:10 PT] START | Visual recovery campaign 1863 -- 40 missing chapters (38 vol1, 2 vol2) | OK
[2026-06-21 04:12 PT] SETUP | Loaded OCR consensus: vol1 855 pages (keys 2-862), vol2 632 pages (keys 2-643); 4 engines each (tess/doctr/surya/consensus) | OK
[2026-06-21 04:15 PT] METHOD | Scanner uses standard Roman + CCCC-additive printed form (1863 vol prints 400 as CCCC, not CD) + fuzzy OCR char classes; image fallback for cut-off headers | OK

=== VOL1 (production-1863) ===
[2026-06-21 04:20 PT] ch62  | LXII        | image_verified | render 0120.png; OCR cut header; "Hogs found running at large in Marin/Sacramento/etc." sp=121 | OK
[2026-06-21 04:25 PT] ch81  | LXXXI       | image_verified | render 0155.png; OCR header cut; body=Bridge across Middle Fork of Cache Slough; sp=156 | OK
[2026-06-21 04:25 PT] ch86  | LXXXVI      | image_verified | render 0159.png; OCR header cut; "amend Act conferring powers on Bd of Education, City/County SF"; sp=160 | OK
[2026-06-21 04:30 PT] ch98  | XCVIII      | image_verified | render 0171.png; long bond act; "Bd Supervisors San Joaquin subscribe $50k Big Tree & Carson Valley Turnpike"; sp=172 | OK
[2026-06-21 04:35 PT] ch147 | CXLVII      | image_verified | OCR key243; "right to construct Bridge & Ferry on San Joaquin R, Fresno Co (I.B. Marshall)"; sp=244 | OK
[2026-06-21 04:36 PT] ch148 | CXLVIII     | image_verified | OCR key244; "An Act to grant the right to construct..."; sp=245 | OK
[2026-06-21 04:38 PT] ch177 | CLXXVII     | image_verified | OCR key300; "authorize California Central Railroad Co to hold an Election"; sp=301 | OK
[2026-06-21 04:42 PT] ch268 | CCLXVIII    | image_verified | OCR key416; "amend Act to regulate Elections, passed Mar 23, 1850"; sp=417 | OK
[2026-06-21 04:45 PT] ch282 | CCLXXXII    | image_verified | render 0425.png + OCR body; "authorize Controller to draw his Warrants upon State Treasurer"; sp=426 | OK
[2026-06-21 04:48 PT] ch285 | CCLXXXV     | image_verified | render 0428.png + OCR key428; "Bd Supervisors Alameda subscribe $320k Alameda Valley Railroad Co"; sp=429 | OK
[2026-06-21 04:52 PT] ch291 | CCXCI       | image_verified | render 0440.png; OCR header cut; body=SF street railroad franchise (Drumm/Washington/Davis/Market); sp=441 | OK
[2026-06-21 04:54 PT] ch292 | CCXCII      | image_verified | OCR key449; "An Act concerning Offices"; sp=450 | OK
[2026-06-21 04:57 PT] ch331 | CCCXXXI     | image_verified | OCR key557; "relation to Construction of Canals & reclaiming Swamp/Overflowed Lands Tulare Valley"; sp=558 | OK
[2026-06-21 05:00 PT] ch337 | CCCXXXVII   | image_verified | render 0560.png + OCR body; "authorize J.R. Bolton, Admr of Estate of Fannie E. Gillespie, to sell Real Estate"; sp=561 | OK
[2026-06-21 05:05 PT] ch357 | CCCLVII     | image_verified | render 0617.png + OCR key617; "Issuance of two School Land Warrants to Mary Ann Lee"; sp=618 | OK
[2026-06-21 05:08 PT] ch399 | CCCXCIX     | image_verified | OCR key670; "providing for Time of holding several Courts of Record in this State"; sp=671 | OK
[2026-06-21 05:12 PT] ch416 | CCCCXVI     | image_verified | OCR key732 (surya); "Bd Supervisors Yolo Co issue certain Bonds"; sp=733 | OK
[2026-06-21 05:14 PT] ch425 | CCCCXXV     | image_verified | OCR key760; "concerning Estrays in certain counties of this State"; sp=761 | OK
[2026-06-21 05:18 PT] ch428 | CCCCXXVIII  | image_verified | OCR key764; "amend Act to regulate Proceedings in Civil Cases (witnesses)"; sp=765 | OK
[2026-06-21 05:20 PT] ch434 | CCCCXXXIV   | image_verified | OCR key770; "grant Right of Way (telegraph line SF to Unionville)"; sp=771 | OK
[2026-06-21 05:22 PT] ch437 | CCCCXXXVII  | image_verified | OCR key774; "grant right to construct Bridge across Albion River near its mouth"; sp=775 | OK
[2026-06-21 05:24 PT] ch438 | CCCCXXXVIII | image_verified | OCR key775; "amend Act to provide Revenue for Support of Government, approved May 17 1861"; sp=776 | OK
[2026-06-21 05:26 PT] ch439 | CCCCXXXIX   | image_verified | OCR key776; "authorize County Auditor of Tulare Co to issue Bonds for Wagon Road"; sp=777 | OK
[2026-06-21 05:30 PT] ch448 | CCCCXLVIII  | image_verified | OCR key788; "amend Act concerning Roads & Highways in County of Mendocino"; sp=789 | OK
[2026-06-21 05:35 PT] ch478 | CCCCLXXVIII | image_verified | OCR key807; "appropriate money to pay Contingent Expenses of Legislature, 14th Session"; sp=808 | OK
[2026-06-21 05:37 PT] ch479 | CCCCLXXIX   | image_verified | OCR key808; "authorize & sanction Consolidation/Fusion of certain Joint Stock Assns (Spring Valley Water)"; sp=809 | OK
[2026-06-21 05:40 PT] ch480 | CCCCLXXX    | image_verified | render 0809.png; OCR header cut; body=election registration/voter residency oath; sp=810 | OK
[2026-06-21 05:43 PT] ch482 | CCCCLXXXII  | image_verified | OCR key809/810; "amendatory of Act concerning Corporations, passed Apr 22 1850"; sp=811 | OK
[2026-06-21 05:44 PT] ch483 | CCCCLXXXIII | image_verified | OCR key810; "appropriating Money to pay certain Claims (Bd Military Auditors)"; sp=811 | OK
[2026-06-21 05:47 PT] ch484 | CCCCLXXXIV  | image_verified | render 0810.png; OCR cut header (3rd act on page); appropriation/relief act; sp=811 | OK
[2026-06-21 05:49 PT] ch486 | CCCCLXXXVI  | image_verified | OCR key812 (surya); "authorize Board of Swamp Land Commissioners"; sp=813 | OK
[2026-06-21 05:50 PT] ch487 | CCCCLXXXVII | image_verified | OCR key812 (surya); "authorize the Sacramento, Placer ... [railroad]"; sp=813 | OK
[2026-06-21 05:53 PT] ch492 | CCCCXCII    | image_verified | OCR key814; "appropriate money for the Geological Survey"; sp=815 | OK
[2026-06-21 05:55 PT] ch494 | CCCCXCIV    | image_verified | OCR key815; "authorize Samuel B. Campbell to construct [wharf]"; sp=816 | OK
[2026-06-21 05:58 PT] ch496 | CCCCXCVI    | image_verified | render 0816.png; OCR cut header; "appropriating Money to pay certain Claims"; sp=817 | OK
[2026-06-21 06:01 PT] ch516 | DXVI        | image_verified | render 0828.png + OCR body; "supplemental to Act for Encouragement of Agriculture & Manufactures in CA"; sp=829 | OK
[2026-06-21 06:04 PT] ch521 | DXXI        | image_verified | render 0831.png + OCR body; "supplemental to Act to create Bd Supervisors... (exempts Calaveras Co)"; sp=832 | OK
[2026-06-21 06:06 PT] ch533 | DXXXIII     | image_verified | OCR key837; "appropriate Money to pay Claim of A. E. Sherwood"; sp=838 | OK

=== VOL2 (production-1863-64) ===
[2026-06-21 06:10 PT] ch300 | CCC         | image_verified | render 0391.png + OCR key391/392; "construct Public Toll Bridge across Colorado R below Gila junction (San Diego Bridge Co)"; sp=392 | OK -- CORRECTS prior legislative_gap
[2026-06-21 06:12 PT] ch443 | CCCCXLIII   | image_verified | OCR key569; "granting Bounties to the Volunteers"; sp=570 | OK -- CORRECTS prior legislative_gap

[2026-06-21 06:15 PT] SUMMARY | 40/40 chapters image_verified; 0 legislative_gap; 0 not_found. Prior vol2 ch300 & ch443 (marked legislative_gap) CORRECTED to image_verified -- both exist with printed Roman confirmed | OK
[2026-06-21 06:16 PT] KEY FINDING | OCR header truncation at page tops is the dominant failure mode (matches known ch62 case); CCCC-additive Roman form for 4xx + surya engine's extra-C garbling caused most missed OCR hits. NONE of the 40 was a true legislative gap. | OK
[2026-06-21 06:18 PT] WRITE | parsed_acts_visual.json written for both volumes | OK

=== APPEND-SAFE RE-RUN (later 2026-06-21 session) ===
[2026-06-21 PT] RERUN-START | _residual_manifest.py 1863 -> N=536 present=520 missing=16 [5,23,79,123,136,378,403,433,477,488,489,498,503,504,515,519] (ALL vol1) | OK
[2026-06-21 PT] PRIOR | read production-1863/parsed_acts_visual.json: 38 prior image_verified acts; NONE of the 38 overlap the 16 current-missing -> MERGE (keep 38, add 16). vol2 visual file left UNTOUCHED (manifest shows vol2 complete). | OK
[2026-06-21 PT] IMAGES | no pages_raw/pages_prep_gray dirs (stale C:\Users\patolex img_paths in OCR json); extracted pages from 1863_Statutes.pdf via PyMuPDF @200dpi to C:\PatoLex-scratch\_tmp_1863_imgs | OK
[2026-06-21 PT] CALIB | source_page = OCR_key+1 = PDF_idx0+1 (PDF text layer empty/scan-only); verified on ch62 body (Hogs/Marin appr Apr-21-1856) @ OCR key120 = PDF idx120 = sp121 | OK
[2026-06-21 PT] IMG-VERIFY | all 16 confirmed by reading printed Roman header on page image; additive CCCC=400 confirmed on 403/433/477/488/489/498: | OK
[2026-06-21 PT]   ch5 V sp74; ch23 XXIII sp88; ch79 LXXIX sp155; ch123 CXXIII sp208; ch136 CXXXVI sp231; ch378 CCCLXXVIII sp638 | OK
[2026-06-21 PT]   ch403 CCCCIII sp683; ch433 CCCCXXXIII sp770; ch477 CCCCLXXVII sp808; ch488 CCCCLXXXVIII sp814; ch489 CCCCLXXXIX sp814 | OK
[2026-06-21 PT]   ch498 CCCCXCVIII sp819; ch503 DIII sp821; ch504 DIV sp822; ch515 DXV sp828; ch519 DXIX sp830 | OK
[2026-06-21 PT] OCR-MISSED | running head OCR-MISSED (NOT a gap) on 8: 123,136,378,433,489,498,515,519 -- recovered via image read | OK
[2026-06-21 PT] WRITE | merged superset production-1863/parsed_acts_visual.json = 54 acts (38 prior + 16 new), all image_verified; meta targeted=54 verified=54 gap=0 not_found=0 draft=true | OK
[2026-06-21 PT] RERUN-END | _residual_manifest.py 1863 -> N=536 present=536 missing=0. FULL COVERAGE. 0 legislative_gap, 0 not_found. Additive only, no DB writes. | OK
