[2026-06-02 worker-benchmark] Task start: bump 3/1 -> 4/2, measure throughput, end on verified-producing config.
Baseline 3/1 = ~50 pg/min (from completion history; NOT re-measured per instructions).

PRE-BUMP STATE:
- 5090: 3 workers alive (5090-1/2/3) on 1917/1913/1915; GPU 5.4GB momentary. max_workers.txt=3.
- 5080: 1 worker (5080-1) on 1919 (page-prep phase, model not yet loaded). PID25656 = its ocr_only child (NOT a separate job).
- No separate archiver on 5080; 5090 archiver already finished per brief.

BASELINE PAGE COUNTS (banked, pre-bump):
- 5090 TOTAL_OCR_PAGES=25880
- 5080 TOTAL_OCR_PAGES=19670 (holds local copies of 1850-1860 + others)

STEP1 5090 BUMP -> 4:
[2026-06-02] ended PatoLex_OCR_5090 (OK), taskkill /F python /T -> 15 procs killed, clean slate (OK)
[2026-06-02] GPU after kill = 1320 MiB / 0% (OK, cleared)
[2026-06-02] pushed supervisor_5090.ps1 with Start-Sleep 75 stagger on BOTH launch sites (verified lines 77,131=75; line85 poll=30) (OK)
[2026-06-02] set max_workers.txt=4 (verified) (OK)
[2026-06-02] task runs supervisor -Count 1 BUT $initial=Get-MaxWorkers reads file=4 -> will launch 4 (OK)
[2026-06-02] schtasks /run PatoLex_OCR_5090 -> launching 4 workers, 75s apart (~5min full load) (OK)
[2026-06-02 18:32-18:36] ALL 4 workers launched staggered 75s: 5090-1@18:32:56, 5090-2@18:34:11, 5090-3@18:35:26, 5090-4@18:36:41 (OK)
[2026-06-02 18:36] all 4 claimed FRESH big volumes 1921/1923/1925(/1927) (killed in-progress 1913/15/17 not yet stale -> skipped; banked+resumable, no loss) (OK)
[2026-06-02 18:36-37] all 4 in STAGE1-RENDER/STAGE2-PREPROCESS (CPU-bound, GPU 0%) - e.g. 1927=2399pg, 1923 preproc 101/1689. OCR/GPU phase pending render completion (WARN: long prep delays steady-state)
NOTE: 75s launch stagger spaces LAUNCH not model-load; all 4 will hit GPU OCR ~same time after prep. Zombies (prior hang cause) were cleared, so watching for clean simultaneous load.

STEP1 5080 BUMP -> 2:
[2026-06-02 18:38] launched 5080-2 (pid 46384) detached, worker_id=5080-2 (OK)
[2026-06-02 18:39] 5080-2 claimed 1929-28ch (6pg), loaded Surya det3+rec2 on GPU CLEANLY, PEAK VRAM only ~1.08GB (NOT ~6GB - 5080 uses Surya, tiny footprint). No OOM. (OK)
[2026-06-02 18:39] 5080-2 finished 1929-28ch (0 body pg), moved to 1929-29ch. 5080-1 still in preprocess on 1919. Both healthy. (OK)
KEY FINDING: 5080 OCR model ~1GB VRAM each -> 16GB fits 2 workers trivially, 5080 is COMPUTE-bound not mem-bound. No OOM risk at 2.

STEP2 MEASURE 4/2 (20-min window):
[2026-06-02 18:41:34] T0 SNAPSHOT: 5090=25905 pg, 5080=19670 pg
[2026-06-02 18:39-41] 5090 render fast (1927: 2399pg in 157s); all 4 in STAGE2-PREPROCESS on big 1920s vols (1921/23/25/27, ~1500-2400pg each). GPU oscillating 1.3-5.3GB (per-page hygiene). Both boxes PRODUCING (render+preproc advancing), no OOM, no hang.
[2026-06-02 18:41] telemetry sampler started (30s cadence, both boxes GPU+CPU). T1 due ~19:02.
NOTE: window captures real mixed prep+OCR steady-state (honest sustained rate; 1920s vols are prep-heavy).

=== RESUMED SESSION (new agent) ===
[2026-06-02 18:46] RESUME CHECK | 5090 GPU still 1320MiB/0% (NO OCR yet); page counts UNCHANGED since 18:41 (5090=25905, 5080=19670). Prior "T0 18:41" window is INVALID (no GPU OCR occurred during it). Discarding it. | WARN
[2026-06-02 18:45] PHASE | All 4 5090 workers in LOCKSTEP STAGE2-PREPROCESS, GPU idle: W1 1921=601/2270, W2 1923=601/1689, W3 1925=501/1423, W4 1927=301/2399. Prep ~50pg/min each. 5080: 2 workers healthy. | OK
[2026-06-02 18:46] PLAN | Will NOT set T0 until 5090 GPU sustained OCR (mem>8GB AND util>40%). Earliest prep-finish ~19:03 (W3/1925). Polling 60-90s. Hang guard armed (GPU<2GB & util0 & CPU idle >5min after prep = HUNG). | OK
PHASE-SYNC OBSERVATION (preliminary): 4 workers claimed 4 fresh big vols simultaneously -> all preprocessing in lockstep -> GPU 100% STARVED during prep. Confirms phase-sync concern; whether 4th worker adds OCR throughput TBD once GPU phase begins.

[2026-06-02 18:51] (orig agent) CONCUR with resumed-session note: 18:41 window INVALID (pure preprocess valley, GPU 0% both boxes, 0 OCR pages). Telemetry CONFIRMS: 18:41-18:51 5090 GPU 39-41C/0-3%util/CPU 78-94%; 5080 GPU 33-34C/0%util/CPU 60-75%. All 6 workers HEALTHY, no OOM/hang, temps cool. Waiting for STAGE4-OCR before real T0.
[2026-06-02 18:48] TELEMETRY | Started 30s samplers on both boxes -> 5090 bench_5090_telemetry.csv (via backgrounded SSH), 5080 bench_5080_telemetry.csv (local). First samples: 5090 1320MiB/2%/40C/91%CPU; 5080 1006MiB/0%/33C/71%CPU. Both CPU-bound prep, GPUs starved. | OK
[2026-06-02 18:49] MONITOR | Armed transition-watcher: emits OCR-PHASE-BEGIN when 5090 GPU mem>8GB, or HANG-CONFIRMED if (mem<2GB & util<5 & CPU<30) sustained 5min after prep. Waiting for GPU OCR phase (~19:03+). | OK
[2026-06-02 18:56] FALSE-ALARM | Monitor emitted HANG-SUSPECT (GPU 1320MiB/0%, CPU 4%). Investigated: ALL 4 workers ADVANCING (W1 1921=1201/2270, W2 1923=1101/1689, W3 1925=1001/1423, W4 1927=801/2399; +600pg in 10min). NOT a hang. | OK
FINDING (durable->lessons): Get-Counter '\Processor(_Total)\% Processor Time' single-sample reads transient near-0 values mid-preprocess (I/O waits between pages), giving FALSE hang signals. Authoritative liveness signal = worker-log page-count ADVANCEMENT, not CPU% and not GPU mem. Re-armed monitor to use worker-log fingerprint: HANG only if zero worker progress for 5min while GPU<2GB.
[2026-06-02 18:57] MONITOR-V2 | Re-armed with fingerprint-based stall detection (bench_progress_5090.ps1). OCR-PHASE-BEGIN at GPU mem>8GB; HANG-CONFIRMED only on 5min flat worker fingerprint + GPU idle. | OK

*** KEY FINDING - CPU CONTENTION AT 4 WORKERS (orig agent, 19:01) ***
[2026-06-02 19:01] 5090 ocr-log STALLED at 18:53 for ~8min (no new 100-page checkpoint), but NOT hung: CPU=91.5%, 1925 pages_prep_gray grew 901->938 files (=+37 in ~8min). Preprocess throughput COLLAPSED ~10x: was ~50pg/min/worker (18:36-18:53), now ~5pg/min/worker.
ROOT CAUSE: 4 workers ALL in CPU-bound preprocess simultaneously -> CPU saturated (~91%, 4-way split) -> per-worker prep throughput crashes. The 4th worker does NOT add capacity in the prep phase; it ADDS CPU contention that slows ALL workers. OCR(GPU) phase is being starved/delayed badly as a result.
IMPLICATION: For prep-heavy 1920s volumes, 4 workers on the 5090 is likely NET-NEGATIVE during prep (CPU-bound). Whether the GPU OCR phase (once reached) recovers enough to justify 4 is the open question. Leaning toward REVERT to 3/1 if OCR phase doesn't show a clear win, since prep dominates these volumes.

STEP3 DECISION: REVERT TO 3/1.
[2026-06-02 19:05] VERDICT | 4/2 did NOT produce a measurable OCR rate. After 23+ min, 5090 GPU util stayed 0-3% (telemetry n=24, util peak 3% median 0%) - ZERO sustained OCR; 4 workers stuck in CPU-contended preprocess. Cannot report a 4/2 pg/min because no OCR pages were produced in any window. Per brief STEP3 (4/2 not clean) + guardrail (end on verified-producing config) -> REVERT. | OK
[2026-06-02 19:04] REVERT 5090->3 | ended task, taskkill /F python /T (20 procs, clean), set max_workers.txt=3 (verified), GPU cleared to 1320MiB, restarted PatoLex_OCR_5090 (supervisor 75s stagger). In-progress 1921/23/25/27 left for stale-reclaim (resumable, no loss). | OK
[2026-06-02 19:04] REVERT 5080->1 | killed 5080-2 (pid46384) + child 27088. Remaining: 5080-1 (pid49428)+child25656 on 1919. 1929-29ch left for stale-reclaim. | OK
[2026-06-02 19:05] VERIFYING reverted 3/1 is producing (waiting ~3min for 3-worker launch+prep)...

FINAL VERIFICATION - 3/1 PRODUCING (19:06):
[2026-06-02 18:56-18:58] 5090: 3 workers launched staggered 75s (5090-1@18:56:22, 5090-2@18:57:37, 5090-3@18:58:52). Claimed fresh 1933/1935. (OK)
[2026-06-02 18:59] 5090 reached STAGE4-OCR on 1935-34ch within ~3min of launch (body=41). GPU=4141MiB/13%/43C, OCRing page 2/41 (surya+doctr+tess agree=0.89, peakVRAM 5556MB). PAGES ADVANCING. (OK)
[2026-06-02 18:59] 5080: 5080-1 (pid49428) reached STAGE4-OCR on 1919, page 21/1555 @ ~2.9s/pg (agree=0.76, peakVRAM 5132MB). PAGES ADVANCING. Removing 5080-2 freed CPU so 5080-1 prep finished -> OCR. (OK)
CONTRAST: at 3 workers a 5090 worker hit GPU OCR in ~3min; at 4 workers NONE hit OCR in 23min. Confirms CPU-contention diagnosis decisively.

================= FINAL REPORT =================
FINAL CONFIG LEFT RUNNING: 3/1 (5090 max_workers=3 via Scheduled Task PatoLex_OCR_5090, supervisor 75s stagger; 5080 = 1 worker 5080-1 via PatoLex_OCR_5080). BOTH VERIFIED PRODUCING OCR (pages advancing on both at 19:06).

4/2 pg/min: NOT MEASURABLE. 5090 at 4 workers never reached sustained GPU OCR in 23+ min - all 4 stuck in CPU-bound STAGE1-RENDER/STAGE2-PREPROCESS, GPU util 0-3% the entire time, ZERO OCR pages produced. No valid throughput window existed (page-count delta 18:41-19:01 ~= 0 net OCR on both boxes, prep-bound).

ROOT CAUSE (durable finding): OCR pipeline has a heavy CPU-bound prep stage (render@300DPI + grayscale preprocess + classify) BEFORE the GPU OCR stage. When N workers all land on fresh volumes at once they preprocess in LOCKSTEP and saturate CPU. At 4 workers the 5090 CPU hit ~91-94% and per-worker prep throughput COLLAPSED ~10x (50->5 pg/min/worker), indefinitely starving the GPU. The 4th worker is NET-NEGATIVE on prep-heavy volumes (1920s multi-vol chapter PDFs, 1500-3270 pg each). 3 workers leaves enough CPU headroom that a worker reaches the GPU stage promptly.

TELEMETRY (4/2 window, prep-phase only, n=24 samples 18:41-18:55, both boxes):
- 5090: GPU temp peak 41C / med 40C; util peak 3% / med 0%; power peak 13.9W / med 13.6W; mem peak/med 1320MiB; CPU% peak 94.4 / med 88.7
- 5080: GPU temp peak 34C / med 33C; util peak 0% / med 0%; power peak 23.4W / med 10.1W; mem peak/med 1006MiB; CPU% peak 76.1 / med 68.7
  (GPUs idle entire window -> prep-phase numbers, NOT OCR-load numbers. No >80C, no OOM, no instability ever.)

OOM/HANG: None. No OOM either box (5080 OCR model only ~1-5GB VRAM, 16GB ample). No true hang - prep kept advancing, just pathologically slow under contention. All worker bumps/kills/restarts clean (taskkill /F /T).

RECOMMENDATION: Stay at 3/1. To measure a real 4/2 OCR rate you'd need to defeat prep lockstep (pre-render volumes, or separate CPU prep pool feeding a GPU OCR pool) or test on a box with more CPU cores. As-is, the 4th worker on the 5090 hurts.
================================================

=== SECOND AGENT - REOPENED 19:46+ (orig report above stands as prep-phase evidence) ===
[2026-06-02 19:50] STATE RECONCILE | Found system DRIFTED from orig agent's 3/1 revert. supervisor.log: after revert, supervisor RE-LAUNCHED at 18:56 (max_workers=3 -> 3 workers) then again 19:46:45 (3 workers, seq-resume). 5080-2 ALSO came back ~19:19. So actual live config on arrival = 3/2 (NOT 3/1, NOT the 4/2 the brief assumed). max_workers.txt read =3. | WARN
[2026-06-02 19:49] OCR PHASE REACHED (finally) | 5090 W1 STAGE4-OCR on 1917 (page 101/1976, ~3s/pg, peakVRAM 6026MB). W2 1921 prep 1401/2270, W3 1923 prep 1301/1689. 5080-1 STAGE4-OCR on 1919 (1001/1555, ~3.2s/pg, peakVRAM=17086MB <- HIGH, near 16GB cap+shared), 5080-2 prep 1915 1801/1922. BOTH boxes now producing OCR. | OK
FINDING: orig agent's "4/2 never reaches OCR in 23min" was true FOR THAT WINDOW but the prep valley DID eventually clear (~73min after launch) and workers desynced (supervisor restart + uneven volume sizes) -> GPU OCR began. The collapse is a long STARTUP TRANSIENT on prep-heavy 1920s vols, not a permanent deadlock.
[2026-06-02 19:52] BUMP 5090 ->4 | Set max_workers.txt=4. Supervisor (pid41484, live) GRACEFULLY scaled up: '19:52:00 scale-up alive=3<max=4, 71 claimable, launching 1' -> launched 5090-4 pid16608. NO restart of existing 3 (clean graceful add). Now genuinely 4/2. | OK
[2026-06-02 19:53:18] T0 (real 4/2 OCR window) | 5090=26821, 5080=20670, COMBINED=47491. Both boxes actively OCRing. W4 just launched (will prep fresh vol ~30min, re-adds CPU contention per orig finding). Measuring 12-15min. | OK
[2026-06-02 19:57:00] SAMPLE1 (+3.7min) | 5090=26896 (+75), 5080=20770 (+100), COMBINED=47666 (+175) -> ~47 pg/min. | OK
[2026-06-02 19:58:17] manual (+5.0min) | 5090=26921 (+100), 5080=20845 (+175), COMBINED=47766 (+275) -> ~55 pg/min. 5080 outproducing 5090 (5090 has only W1 OCRing, W2/W3/W4 on CPU prep). | OK
[2026-06-02 19:56] W4 detail | New 5090-4 RESUMED 1925 (not fresh) - prep 1301/1423, ~120 left -> will reach OCR soon, LESS contention than a fresh 2400pg vol. | OK
[2026-06-02 20:00] telemetry mid-window | 5090 GPU util 6-24%, power up to 160W, 45C, CPU 78-84% (mixed OCR+prep contention). 5080 GPU 5.5GB/16GB, util 25-50%, 43C, 140W. (5080 'peakVRAM 17GB' worker-reported = CUDA allocator reserved counter.) | OK
[2026-06-02 20:01-20:07] WINDOW SAMPLES (combined OCR pages from T0=47491@19:53:18):
  CONT1 20:01:32 (+8.2m) comb=48016 (+525) -> ~64 pg/min cumulative
  CONT2 20:04:35 (+11.3m) comb=48266 (+775) -> ~69 pg/min; recent-interval ~82 pg/min
  CONT3 20:07:38 (+14.3m) comb=48491 (+1000) -> ~70 pg/min; recent-interval ~74 pg/min
  By 20:08 THREE 5090 workers OCRing concurrently (W1 1917, W2 1921, W3 1923) + 5080 both. STEADY-STATE ~70-74 pg/min combined.
[2026-06-02 20:10] COUNTING ARTIFACT | CONT4 5080 raw total dropped (21195->20732->19036) because production-1910-11 json (27MB, mtime 18:28, NOT active) flipped from parsing=2234 to inprog-err=0 in the counter. Constant vol, transient parse fail -> 5080 RAW-TOTAL delta unreliable. 5090 total stayed clean+monotonic. | WARN
*** OOM FINDING (5080, decisive) ***
[2026-06-02 20:10-20:11] 5080-1 on 1919 STAGE4-OCR pages 1329/1330: 'Surya FAIL (docTR+Tess): CUDA out of memory, tried 700-728MiB, 15.92GiB total/8.3GiB free' -> Surya (PRIMARY engine) OOM-FALLBACK when BOTH 5080 workers OCR concurrently (5080-1 1919 + 5080-2 1915, peakVRAM 17386MB > 15.92GB cap). Graceful (WARN, ensemble continues docTR+Tess) but DEGRADED - loses the Surya disagreement-vector on those pages. | FAIL(quality)
FINDING (durable->lessons): 5080 16GB CANNOT cleanly run 2 concurrent Surya OCR workers - VRAM contention forces Surya OOM fallback. 2nd 5080 worker DEGRADES OCR quality (drops Surya from ensemble), not merely throughput. 5080 = 1 OCR worker. (Earlier '~1GB each, fits 2 trivially' was measured in PREP/cold phase, NOT concurrent Surya OCR - corrected.)
[2026-06-02 20:13] FINAL RATE (4/2) | 5090 4 workers: +775pg/19.5min = ~40 pg/min. 5080 2 workers (Surya OOM-degraded): ~30-32 pg/min. COMBINED ~70-72 pg/min vs 3/1 baseline ~50. Throughput up BUT: 5090 GPU util median only 8% (4th worker = CPU-prep contention, not GPU work) + 5080 2nd worker = Surya OOM quality loss. NOT a clean win. | WARN

================= FINAL REPORT (second agent, 20:28) =================
DECISION: REVERT to 3/1. Rationale: 4/2 combined ~70-72 pg/min DID exceed the ~50 pg/min 3/1 baseline, BUT it is NOT a clean config: (1) the 2nd 5080 worker causes Surya (primary OCR engine) CUDA-OOM fallback once both 5080 workers OCR concurrently (peakVRAM ~17GB > 15.92GB cap) -> ENSEMBLE QUALITY DEGRADATION on a quality-first project; (2) the 5090's 4th worker adds CPU-prep contention, not GPU work (GPU util median only 8%, peak 97% - bimodal phase-sync). Per brief ("end on a verified, safe, proven-producing config") quality degradation is disqualifying. Reverted.

REVERT EXECUTION:
[2026-06-02 20:10] 5090 max_workers.txt 4->3. Supervisor (pid41484) GRACEFUL scale-down: drained newest worker 5090-5. (Graceful = no full restart, no cold-load hang risk to the 3 keepers.)
[2026-06-02 20:11] 5080 -> 1: killed 5080-2 tree (worker pid44604 + OCR child 31764) via Stop-Process -Force (taskkill timed out mid-CUDA; Stop-Process succeeded). 5080-1 (pid49428) UNAFFECTED, kept producing. 1915 banked+resumable.
[2026-06-02 20:27] 5090-5 graceful drain would take ~2h (2399-pg vol in flight) -> force-killed tree (pid43036 + children) to land 3/1 promptly. Supervisor logged '20:27:02 worker 5090-5 exited (drained)' - recognized as drain, did NOT relaunch (alive=3=max), did NOT trip crash guard. 1925/1927 prep left as orphaned in_progress -> queue stale-reclaim recovers them (resumable, NO loss).

FINAL CONFIG LEFT RUNNING (VERIFIED PRODUCING @ 20:27:40):
- 5090 = 3 workers (alive pids 42780,46000,44488; supervisor pid41484 steady at max_workers=3). ALL THREE in STAGE4-OCR, pages ADVANCING: W1 1917 781/1976, W2 1921 421/2268, W3 1923 561/1687. GPU 11593MiB/59C. CPU 24% (contention gone). NO OOM, NO hang.
- 5080 = 1 worker (5080-1 pid49428). Finished 1919 OCR, now on 1913-statutes STAGE2-PREPROCESS 101/1808 (advancing). GPU 795MiB/36C (idle in prep, normal). Producing. NO Surya OOM (single worker).

4/2 MEASURED THROUGHPUT (the real number the prior window never got - prior agent killed 4/2 before OCR began):
- COMBINED: ~70-72 pg/min (sustained, 3x 5090 + both 5080 workers OCRing concurrently, 19:53-20:08).
- 5090 (4 workers): ~40 pg/min. 5080 (2 workers): ~30-32 pg/min.
- vs proven 3/1 baseline ~50 pg/min: 4/2 is ~+40% raw throughput, but with the OOM quality cost.

TELEMETRY (4/2 OCR window 19:53-20:13, n=29-30 samples/box):
- 5090: GPU util peak 97% / MEDIAN 8%; temp peak 61C / med 50C; power peak 311W / med 134W; mem peak 18367MiB / med 6328MiB; CPU peak 88.6% / med 49%.
- 5080: GPU util peak 99% / MEDIAN 19%; temp peak 61C / med 47C; power peak 187W / med 111W; mem peak 13128MiB / med 6052MiB; CPU peak 92.2% / med 59%.
- Post-revert peak observed: 62C (5090, 3 workers). BOTH BOXES <80C throughout. No thermal issue ever.

PHASE-SYNC / GPU-STARVATION ANSWER (the key question):
YES, the workers phase-synchronize and starve the GPU - but it's a STARTUP TRANSIENT, not permanent. When N workers claim fresh volumes together they ALL enter CPU-bound STAGE1-RENDER+STAGE2-PREPROCESS in lockstep -> CPU saturates -> GPU sits idle (5090 GPU util MEDIAN 8% even across the 'OCR window' because 3 of 4 workers were still prepping most of the time). At 4 workers the lockstep prep is WORSE (orig agent measured per-worker prep collapse ~50->5 pg/min under 4-way CPU contention; GPU idle 0-3% for the first ~70 min). The 5080's 2 workers actually kept its GPU BUSIER (util median 19%) than the 5090's 4 workers kept the 5090 GPU (median 8%) - direct evidence the 5090's extra workers do NOT convert to GPU OCR; they convert to CPU-prep contention. Workers DO eventually desync (uneven volume sizes + supervisor restarts) and overlap their OCR phases, which is when the ~70 pg/min was observed. CONCLUSION: the 4th 5090 worker is net CPU-prep contention with little GPU benefit; the 2nd 5080 worker actively HARMS quality (Surya OOM). The pipeline is CPU-prep-bound at the front and the 5080 is VRAM-bound for concurrent Surya.

HANG: NO true hang. One FALSE hang-suspect at 18:56 (CPU%-counter transient near-0 mid-prep) - corrected the monitor to use worker-log page-advancement as the authoritative liveness signal (see FINDING above). All bumps/kills/drains clean.

RECOMMENDATION: Stay at 3/1 (current). To safely exploit more hardware: (a) NEVER run 2 concurrent Surya workers on the 16GB 5080 - it OOMs Surya; 1 is the ceiling there. (b) The 5090 (32GB) is GPU-underutilized but is gated by single-threaded-feeling CPU prep lockstep; a real 4-worker win needs decoupling CPU prep from GPU OCR (separate prep pool feeding a GPU OCR pool) or pre-rendering volumes, not just adding a worker. As-is the 4th 5090 worker and 2nd 5080 worker are not worth it.

LEFTOVER ARTIFACTS (benign): telemetry CSVs bench_5090_telemetry*.csv / bench_5080_telemetry.csv + helper scripts (bench_sampler*, bench_poll*, bench_progress*, bench_stats*, bench_alive*) on both scratch dirs; samplers self-terminate at 90min. No DB/ingest/queue-content changes made (only worker counts + the killed workers' volumes left for stale-reclaim).
=====================================================================

